Archive member included to satisfy reference by file (symbol)

/Applications/ArmGNUToolchain/13.3.rel1/arm-none-eabi/bin/../lib/gcc/arm-none-eabi/13.3.1/thumb/v7-m/nofp/libgcc.a(_arm_muldf3.o)
                              CMakeFiles/Project.elf.dir/Core/Src/main.c.obj (__aeabi_dmul)
/Applications/ArmGNUToolchain/13.3.rel1/arm-none-eabi/bin/../lib/gcc/arm-none-eabi/13.3.1/thumb/v7-m/nofp/libgcc.a(_arm_addsubdf3.o)
                              CMakeFiles/Project.elf.dir/Core/Src/main.c.obj (__aeabi_i2d)
/Applications/ArmGNUToolchain/13.3.rel1/arm-none-eabi/bin/../lib/gcc/arm-none-eabi/13.3.1/thumb/v7-m/nofp/libgcc.a(_arm_muldivdf3.o)
                              CMakeFiles/Project.elf.dir/Core/Src/main.c.obj (__aeabi_ddiv)
/Applications/ArmGNUToolchain/13.3.rel1/arm-none-eabi/bin/../lib/gcc/arm-none-eabi/13.3.1/thumb/v7-m/nofp/libgcc.a(_arm_fixunsdfsi.o)
                              CMakeFiles/Project.elf.dir/Core/Src/main.c.obj (__aeabi_d2uiz)
/Applications/ArmGNUToolchain/13.3.rel1/arm-none-eabi/bin/../lib/gcc/arm-none-eabi/13.3.1/../../../../arm-none-eabi/lib/thumb/v7-m/nofp/libg.a(libc_a-exit.o)
                              /Applications/ArmGNUToolchain/13.3.rel1/arm-none-eabi/bin/../lib/gcc/arm-none-eabi/13.3.1/../../../../arm-none-eabi/lib/thumb/v7-m/nofp/crt0.o (exit)
/Applications/ArmGNUToolchain/13.3.rel1/arm-none-eabi/bin/../lib/gcc/arm-none-eabi/13.3.1/../../../../arm-none-eabi/lib/thumb/v7-m/nofp/libg.a(libc_a-sprintf.o)
                              CMakeFiles/Project.elf.dir/Core/Src/lcd1602.c.obj (sprintf)
/Applications/ArmGNUToolchain/13.3.rel1/arm-none-eabi/bin/../lib/gcc/arm-none-eabi/13.3.1/../../../../arm-none-eabi/lib/thumb/v7-m/nofp/libg.a(libc_a-findfp.o)
                              /Applications/ArmGNUToolchain/13.3.rel1/arm-none-eabi/bin/../lib/gcc/arm-none-eabi/13.3.1/../../../../arm-none-eabi/lib/thumb/v7-m/nofp/libg.a(libc_a-exit.o) (__stdio_exit_handler)
/Applications/ArmGNUToolchain/13.3.rel1/arm-none-eabi/bin/../lib/gcc/arm-none-eabi/13.3.1/../../../../arm-none-eabi/lib/thumb/v7-m/nofp/libg.a(libc_a-memset.o)
                              /Applications/ArmGNUToolchain/13.3.rel1/arm-none-eabi/bin/../lib/gcc/arm-none-eabi/13.3.1/../../../../arm-none-eabi/lib/thumb/v7-m/nofp/crt0.o (memset)
/Applications/ArmGNUToolchain/13.3.rel1/arm-none-eabi/bin/../lib/gcc/arm-none-eabi/13.3.1/../../../../arm-none-eabi/lib/thumb/v7-m/nofp/libg.a(libc_a-impure.o)
                              /Applications/ArmGNUToolchain/13.3.rel1/arm-none-eabi/bin/../lib/gcc/arm-none-eabi/13.3.1/../../../../arm-none-eabi/lib/thumb/v7-m/nofp/libg.a(libc_a-sprintf.o) (_impure_ptr)
/Applications/ArmGNUToolchain/13.3.rel1/arm-none-eabi/bin/../lib/gcc/arm-none-eabi/13.3.1/../../../../arm-none-eabi/lib/thumb/v7-m/nofp/libg.a(libc_a-errno.o)
                              CMakeFiles/Project.elf.dir/Core/Src/syscalls.c.obj (__errno)
/Applications/ArmGNUToolchain/13.3.rel1/arm-none-eabi/bin/../lib/gcc/arm-none-eabi/13.3.1/../../../../arm-none-eabi/lib/thumb/v7-m/nofp/libg.a(libc_a-init.o)
                              /Applications/ArmGNUToolchain/13.3.rel1/arm-none-eabi/bin/../lib/gcc/arm-none-eabi/13.3.1/../../../../arm-none-eabi/lib/thumb/v7-m/nofp/crt0.o (__libc_init_array)
/Applications/ArmGNUToolchain/13.3.rel1/arm-none-eabi/bin/../lib/gcc/arm-none-eabi/13.3.1/../../../../arm-none-eabi/lib/thumb/v7-m/nofp/libg.a(libc_a-lock.o)
                              /Applications/ArmGNUToolchain/13.3.rel1/arm-none-eabi/bin/../lib/gcc/arm-none-eabi/13.3.1/../../../../arm-none-eabi/lib/thumb/v7-m/nofp/libg.a(libc_a-findfp.o) (__retarget_lock_init_recursive)
/Applications/ArmGNUToolchain/13.3.rel1/arm-none-eabi/bin/../lib/gcc/arm-none-eabi/13.3.1/../../../../arm-none-eabi/lib/thumb/v7-m/nofp/libg.a(libc_a-__call_atexit.o)
                              /Applications/ArmGNUToolchain/13.3.rel1/arm-none-eabi/bin/../lib/gcc/arm-none-eabi/13.3.1/../../../../arm-none-eabi/lib/thumb/v7-m/nofp/libg.a(libc_a-exit.o) (__call_exitprocs)
/Applications/ArmGNUToolchain/13.3.rel1/arm-none-eabi/bin/../lib/gcc/arm-none-eabi/13.3.1/../../../../arm-none-eabi/lib/thumb/v7-m/nofp/libg.a(libc_a-atexit.o)
                              /Applications/ArmGNUToolchain/13.3.rel1/arm-none-eabi/bin/../lib/gcc/arm-none-eabi/13.3.1/../../../../arm-none-eabi/lib/thumb/v7-m/nofp/libg.a(libc_a-__call_atexit.o) (atexit)
/Applications/ArmGNUToolchain/13.3.rel1/arm-none-eabi/bin/../lib/gcc/arm-none-eabi/13.3.1/../../../../arm-none-eabi/lib/thumb/v7-m/nofp/libg.a(libc_a-mallocr.o)
                              /Applications/ArmGNUToolchain/13.3.rel1/arm-none-eabi/bin/../lib/gcc/arm-none-eabi/13.3.1/../../../../arm-none-eabi/lib/thumb/v7-m/nofp/libg.a(libc_a-findfp.o) (_malloc_r)
/Applications/ArmGNUToolchain/13.3.rel1/arm-none-eabi/bin/../lib/gcc/arm-none-eabi/13.3.1/../../../../arm-none-eabi/lib/thumb/v7-m/nofp/libg.a(libc_a-svfprintf.o)
[...]
Memory Configuration

Name             Origin             Length             Attributes
RAM              0x20000000         0x00005000         xrw
FLASH            0x08000000         0x00010000         xr
*default*        0x00000000         0xffffffff

Linker script and memory map

LOAD /Applications/ArmGNUToolchain/13.3.rel1/arm-none-eabi/bin/../lib/gcc/arm-none-eabi/13.3.1/thumb/v7-m/nofp/crti.o
LOAD /Applications/ArmGNUToolchain/13.3.rel1/arm-none-eabi/bin/../lib/gcc/arm-none-eabi/13.3.1/thumb/v7-m/nofp/crtbegin.o
LOAD /Applications/ArmGNUToolchain/13.3.rel1/arm-none-eabi/bin/../lib/gcc/arm-none-eabi/13.3.1/../../../../arm-none-eabi/lib/thumb/v7-m/nofp/crt0.o
LOAD CMakeFiles/Project.elf.dir/Core/Src/Delay.c.obj
LOAD CMakeFiles/Project.elf.dir/Core/Src/adc.c.obj
LOAD CMakeFiles/Project.elf.dir/Core/Src/gpio.c.obj
LOAD CMakeFiles/Project.elf.dir/Core/Src/lcd1602.c.obj
LOAD CMakeFiles/Project.elf.dir/Core/Src/main.c.obj
LOAD CMakeFiles/Project.elf.dir/Core/Src/stm32f1xx_hal_msp.c.obj
LOAD CMakeFiles/Project.elf.dir/Core/Src/stm32f1xx_it.c.obj
LOAD CMakeFiles/Project.elf.dir/Core/Src/syscalls.c.obj
LOAD CMakeFiles/Project.elf.dir/Core/Src/sysmem.c.obj
LOAD CMakeFiles/Project.elf.dir/Core/Src/system_stm32f1xx.c.obj
LOAD CMakeFiles/Project.elf.dir/Core/Src/tim.c.obj
LOAD CMakeFiles/Project.elf.dir/Core/Startup/startup_stm32f103c8tx.s.obj
LOAD CMakeFiles/Project.elf.dir/Drivers/STM32F1xx_HAL_Driver/Src/stm32f1xx_hal.c.obj
LOAD CMakeFiles/Project.elf.dir/Drivers/STM32F1xx_HAL_Driver/Src/stm32f1xx_hal_adc.c.obj
LOAD CMakeFiles/Project.elf.dir/Drivers/STM32F1xx_HAL_Driver/Src/stm32f1xx_hal_adc_ex.c.obj
LOAD CMakeFiles/Project.elf.dir/Drivers/STM32F1xx_HAL_Driver/Src/stm32f1xx_hal_cortex.c.obj
LOAD CMakeFiles/Project.elf.dir/Drivers/STM32F1xx_HAL_Driver/Src/stm32f1xx_hal_dma.c.obj
LOAD CMakeFiles/Project.elf.dir/Drivers/STM32F1xx_HAL_Driver/Src/stm32f1xx_hal_exti.c.obj
LOAD CMakeFiles/Project.elf.dir/Drivers/STM32F1xx_HAL_Driver/Src/stm32f1xx_hal_flash.c.obj
LOAD CMakeFiles/Project.elf.dir/Drivers/STM32F1xx_HAL_Driver/Src/stm32f1xx_hal_flash_ex.c.obj
LOAD CMakeFiles/Project.elf.dir/Drivers/STM32F1xx_HAL_Driver/Src/stm32f1xx_hal_gpio.c.obj
LOAD CMakeFiles/Project.elf.dir/Drivers/STM32F1xx_HAL_Driver/Src/stm32f1xx_hal_gpio_ex.c.obj
LOAD CMakeFiles/Project.elf.dir/Drivers/STM32F1xx_HAL_Driver/Src/stm32f1xx_hal_pwr.c.obj
LOAD CMakeFiles/Project.elf.dir/Drivers/STM32F1xx_HAL_Driver/Src/stm32f1xx_hal_rcc.c.obj
LOAD CMakeFiles/Project.elf.dir/Drivers/STM32F1xx_HAL_Driver/Src/stm32f1xx_hal_rcc_ex.c.obj
LOAD CMakeFiles/Project.elf.dir/Drivers/STM32F1xx_HAL_Driver/Src/stm32f1xx_hal_tim.c.obj
LOAD CMakeFiles/Project.elf.dir/Drivers/STM32F1xx_HAL_Driver/Src/stm32f1xx_hal_tim_ex.c.obj
START GROUP
LOAD /Applications/ArmGNUToolchain/13.3.rel1/arm-none-eabi/bin/../lib/gcc/arm-none-eabi/13.3.1/thumb/v7-m/nofp/libgcc.a
LOAD /Applications/ArmGNUToolchain/13.3.rel1/arm-none-eabi/bin/../lib/gcc/arm-none-eabi/13.3.1/../../../../arm-none-eabi/lib/thumb/v7-m/nofp/libg.a
LOAD /Applications/ArmGNUToolchain/13.3.rel1/arm-none-eabi/bin/../lib/gcc/arm-none-eabi/13.3.1/../../../../arm-none-eabi/lib/thumb/v7-m/nofp/libc.a
END GROUP
LOAD /Applications/ArmGNUToolchain/13.3.rel1/arm-none-eabi/bin/../lib/gcc/arm-none-eabi/13.3.1/thumb/v7-m/nofp/crtend.o
LOAD /Applications/ArmGNUToolchain/13.3.rel1/arm-none-eabi/bin/../lib/gcc/arm-none-eabi/13.3.1/thumb/v7-m/nofp/crtn.o
                0x20005000                        _estack = (ORIGIN (RAM) + LENGTH (RAM))
                0x00000200                        _Min_Heap_Size = 0x200
                0x00000400                        _Min_Stack_Size = 0x400

.isr_vector     0x08000000      0x10c
                0x08000000                        . = ALIGN (0x4)
 *(.isr_vector)
 .isr_vector    0x08000000      0x10c CMakeFiles/Project.elf.dir/Core/Startup/startup_stm32f103c8tx.s.obj
                0x08000000                g_pfnVectors
                0x0800010c                        . = ALIGN (0x4)

.text           0x08000110     0x87fc
                0x08000110                        . = ALIGN (0x4)
 *(.text)
 .text          0x08000110      0x378 /Applications/ArmGNUToolchain/13.3.rel1/arm-none-eabi/bin/../lib/gcc/arm-none-eabi/13.3.1/thumb/v7-m/nofp/libgcc.a(_arm_addsubdf3.o)
                0x08000110                __aeabi_drsub
                0x08000118                __subdf3
                0x08000118                __aeabi_dsub
                0x0800011c                __aeabi_dadd
                0x0800011c                __adddf3
                0x08000394                __aeabi_ui2d
                0x08000394                __floatunsidf
                0x080003b4                __floatsidf
                0x080003b4                __aeabi_i2d
                0x080003d8                __extendsfdf2
                0x080003d8                __aeabi_f2d
                0x0800041c                __aeabi_ul2d
                0x0800041c                __floatundidf
                0x0800042c                __aeabi_l2d
                0x0800042c                __floatdidf
 .text          0x08000488      0x424 /Applications/ArmGNUToolchain/13.3.rel1/arm-none-eabi/bin/../lib/gcc/arm-none-eabi/13.3.1/thumb/v7-m/nofp/libgcc.a(_arm_muldivdf3.o)
                0x08000488                __aeabi_dmul
                0x08000488                __muldf3
                0x080006dc                __aeabi_ddiv
                0x080006dc                __divdf3
 .text          0x080008ac       0x40 /Applications/ArmGNUToolchain/13.3.rel1/arm-none-eabi/bin/../lib/gcc/arm-none-eabi/13.3.1/thumb/v7-m/nofp/libgcc.a(_arm_fixunsdfsi.o)
                0x080008ac                __fixunsdfsi
                0x080008ac                __aeabi_d2uiz
 .text          0x080008ec       0xec /Applications/ArmGNUToolchain/13.3.rel1/arm-none-eabi/bin/../lib/gcc/arm-none-eabi/13.3.1/../../../../arm-none-eabi/lib/thumb/v7-m/nofp/libg.a(libc_a-memcpy.o)
                0x080008ec                memcpy
 .text          0x080009d8      0x110 /Applications/ArmGNUToolchain/13.3.rel1/arm-none-eabi/bin/../lib/gcc/arm-none-eabi/13.3.1/thumb/v7-m/nofp/libgcc.a(_arm_cmpdf2.o)
                0x080009d8                __gedf2
                0x080009d8                __gtdf2
                0x080009e0                __ledf2
                0x080009e0                __ltdf2
                0x080009e8                __cmpdf2
                0x080009e8                __eqdf2
                0x080009e8                __nedf2
                0x08000a64                __aeabi_cdrcmple
                0x08000a74                __aeabi_cdcmple
                0x08000a74                __aeabi_cdcmpeq
                0x08000a84                __aeabi_dcmpeq
                0x08000a98                __aeabi_dcmplt
                0x08000aac                __aeabi_dcmple
                0x08000ac0                __aeabi_dcmpge
                0x08000ad4                __aeabi_dcmpgt
 .text          0x08000ae8       0x2c /Applications/ArmGNUToolchain/13.3.rel1/arm-none-eabi/bin/../lib/gcc/arm-none-eabi/13.3.1/thumb/v7-m/nofp/libgcc.a(_arm_unorddf2.o)
                0x08000ae8                __aeabi_dcmpun
                0x08000ae8                __unorddf2
 .text          0x08000b14       0x50 /Applications/ArmGNUToolchain/13.3.rel1/arm-none-eabi/bin/../lib/gcc/arm-none-eabi/13.3.1/thumb/v7-m/nofp/libgcc.a(_arm_fixdfsi.o)
                0x08000b14                __fixdfsi
                0x08000b14                __aeabi_d2iz
 *(.text*)
 .text.deregister_tm_clones
                0x08000b64       0x1c /Applications/ArmGNUToolchain/13.3.rel1/arm-none-eabi/bin/../lib/gcc/arm-none-eabi/13.3.1/thumb/v7-m/nofp/crtbegin.o
 .text.register_tm_clones
                0x08000b80       0x24 /Applications/ArmGNUToolchain/13.3.rel1/arm-none-eabi/bin/../lib/gcc/arm-none-eabi/13.3.1/thumb/v7-m/nofp/crtbegin.o
 .text.__do_global_dtors_aux
                0x08000ba4       0x28 /Applications/ArmGNUToolchain/13.3.rel1/arm-none-eabi/bin/../lib/gcc/arm-none-eabi/13.3.1/thumb/v7-m/nofp/crtbegin.o
 .text.frame_dummy
                0x08000bcc       0x24 /Applications/ArmGNUToolchain/13.3.rel1/arm-none-eabi/bin/../lib/gcc/arm-none-eabi/13.3.1/thumb/v7-m/nofp/crtbegin.o
 .text.Delay_us
                0x08000bf0       0x2a CMakeFiles/Project.elf.dir/Core/Src/Delay.c.obj
                0x08000bf0                Delay_us
 .text.Delay_ms
                0x08000c1a       0x16 CMakeFiles/Project.elf.dir/Core/Src/Delay.c.obj
                0x08000c1a                Delay_ms
 .text.MX_ADC1_Init
                0x08000c30       0x5c CMakeFiles/Project.elf.dir/Core/Src/adc.c.obj
                0x08000c30                MX_ADC1_Init
 .text.HAL_ADC_MspInit
                0x08000c8c       0x60 CMakeFiles/Project.elf.dir/Core/Src/adc.c.obj
                0x08000c8c                HAL_ADC_MspInit
 .text.MX_GPIO_Init
                0x08000cec       0x98 CMakeFiles/Project.elf.dir/Core/Src/gpio.c.obj
                0x08000cec                MX_GPIO_Init
 .text.LCD_Write_Command
                0x08000d84       0x58 CMakeFiles/Project.elf.dir/Core/Src/lcd1602.c.obj
                0x08000d84                LCD_Write_Command
 .text.LCD_init
                0x08000ddc       0x34 CMakeFiles/Project.elf.dir/Core/Src/lcd1602.c.obj
                0x08000ddc                LCD_init
 .text.LCD_Write_Data
                0x08000e10       0x50 CMakeFiles/Project.elf.dir/Core/Src/lcd1602.c.obj
                0x08000e10                LCD_Write_Data
 .text.LCD_Set_Position
                0x08000e60       0x1e CMakeFiles/Project.elf.dir/Core/Src/lcd1602.c.obj
                0x08000e60                LCD_Set_Position
 .text.LCD_Display_Char
                0x08000e7e       0x14 CMakeFiles/Project.elf.dir/Core/Src/lcd1602.c.obj
                0x08000e7e                LCD_Display_Char
 .text.LCD_Display_String
                0x08000e92       0x18 CMakeFiles/Project.elf.dir/Core/Src/lcd1602.c.obj
                0x08000e92                LCD_Display_String
 *fill*         0x08000eaa        0x2 
 .text.LCD_Display_Decimal
                0x08000eac       0x2c CMakeFiles/Project.elf.dir/Core/Src/lcd1602.c.obj
                0x08000eac                LCD_Display_Decimal
 .text.calculateHumidity
                0x08000ed8       0x60 CMakeFiles/Project.elf.dir/Core/Src/main.c.obj
                0x08000ed8                calculateHumidity
 .text.Error_Handler
                0x08000f38        0x4 CMakeFiles/Project.elf.dir/Core/Src/main.c.obj
                0x08000f38                Error_Handler
 .text.SystemClock_Config
                0x08000f3c       0x7c CMakeFiles/Project.elf.dir/Core/Src/main.c.obj
                0x08000f3c                SystemClock_Config
 .text.main     0x08000fb8       0xa0 CMakeFiles/Project.elf.dir/Core/Src/main.c.obj
                0x08000fb8                main
 .text.HAL_MspInit
                0x08001058       0x44 CMakeFiles/Project.elf.dir/Core/Src/stm32f1xx_hal_msp.c.obj
                0x08001058                HAL_MspInit
 .text.NMI_Handler
                0x0800109c        0x2 CMakeFiles/Project.elf.dir/Core/Src/stm32f1xx_it.c.obj
                0x0800109c                NMI_Handler
 .text.HardFault_Handler
                0x0800109e        0x2 CMakeFiles/Project.elf.dir/Core/Src/stm32f1xx_it.c.obj
                0x0800109e                HardFault_Handler
 .text.MemManage_Handler
                0x080010a0        0x2 CMakeFiles/Project.elf.dir/Core/Src/stm32f1xx_it.c.obj
                0x080010a0                MemManage_Handler
 .text.BusFault_Handler
                0x080010a2        0x2 CMakeFiles/Project.elf.dir/Core/Src/stm32f1xx_it.c.obj
                0x080010a2                BusFault_Handler
 .text.UsageFault_Handler
                0x080010a4        0x2 CMakeFiles/Project.elf.dir/Core/Src/stm32f1xx_it.c.obj
                0x080010a4                UsageFault_Handler
 .text.SVC_Handler
                0x080010a6        0x2 CMakeFiles/Project.elf.dir/Core/Src/stm32f1xx_it.c.obj
                0x080010a6                SVC_Handler
 .text.DebugMon_Handler
                0x080010a8        0x2 CMakeFiles/Project.elf.dir/Core/Src/stm32f1xx_it.c.obj
                0x080010a8                DebugMon_Handler
 .text.PendSV_Handler
                0x080010aa        0x2 CMakeFiles/Project.elf.dir/Core/Src/stm32f1xx_it.c.obj
                0x080010aa                PendSV_Handler
 .text.SysTick_Handler
                0x080010ac        0x8 CMakeFiles/Project.elf.dir/Core/Src/stm32f1xx_it.c.obj
                0x080010ac                SysTick_Handler
 .text.TIM2_IRQHandler
                0x080010b4       0x10 CMakeFiles/Project.elf.dir/Core/Src/stm32f1xx_it.c.obj
                0x080010b4                TIM2_IRQHandler
 .text._getpid  0x080010c4        0x4 CMakeFiles/Project.elf.dir/Core/Src/syscalls.c.obj
                0x080010c4                _getpid
 .text._kill    0x080010c8       0x10 CMakeFiles/Project.elf.dir/Core/Src/syscalls.c.obj
                0x080010c8                _kill
 .text._exit    0x080010d8        0xc CMakeFiles/Project.elf.dir/Core/Src/syscalls.c.obj
                0x080010d8                _exit
 .text._read    0x080010e4       0x20 CMakeFiles/Project.elf.dir/Core/Src/syscalls.c.obj
                0x080010e4                _read
 .text._write   0x08001104       0x1c CMakeFiles/Project.elf.dir/Core/Src/syscalls.c.obj
                0x08001104                _write
 .text._close   0x08001120        0x6 CMakeFiles/Project.elf.dir/Core/Src/syscalls.c.obj
                0x08001120                _close
 .text._fstat   0x08001126        0xa CMakeFiles/Project.elf.dir/Core/Src/syscalls.c.obj
                0x08001126                _fstat
 .text._isatty  0x08001130        0x4 CMakeFiles/Project.elf.dir/Core/Src/syscalls.c.obj
                0x08001130                _isatty
 .text._lseek   0x08001134        0x4 CMakeFiles/Project.elf.dir/Core/Src/syscalls.c.obj
                0x08001134                _lseek
 .text._sbrk    0x08001138       0x48 CMakeFiles/Project.elf.dir/Core/Src/sysmem.c.obj
                0x08001138                _sbrk
 .text.SystemInit
                0x08001180        0x2 CMakeFiles/Project.elf.dir/Core/Src/system_stm32f1xx.c.obj
                0x08001180                SystemInit
 *fill*         0x08001182        0x2 
 .text.MX_TIM2_Init
                0x08001184       0x70 CMakeFiles/Project.elf.dir/Core/Src/tim.c.obj
                0x08001184                MX_TIM2_Init
 .text.HAL_TIM_Base_MspInit
                0x080011f4       0x3a CMakeFiles/Project.elf.dir/Core/Src/tim.c.obj
                0x080011f4                HAL_TIM_Base_MspInit
 *fill*         0x0800122e        0x2 
 .text.Reset_Handler
                0x08001230       0x48 CMakeFiles/Project.elf.dir/Core/Startup/startup_stm32f103c8tx.s.obj
                0x08001230                Reset_Handler
 .text.Default_Handler
                0x08001278        0x2 CMakeFiles/Project.elf.dir/Core/Startup/startup_stm32f103c8tx.s.obj
                0x08001278                USBWakeUp_IRQHandler
                0x08001278                EXTI2_IRQHandler
                0x08001278                TIM1_CC_IRQHandler
                0x08001278                PVD_IRQHandler
                0x08001278                EXTI3_IRQHandler
                0x08001278                EXTI0_IRQHandler
                0x08001278                I2C2_EV_IRQHandler
                0x08001278                ADC1_2_IRQHandler
                0x08001278                SPI1_IRQHandler
                0x08001278                TAMPER_IRQHandler
                0x08001278                DMA1_Channel4_IRQHandler
                0x08001278                USART3_IRQHandler
                0x08001278                RTC_IRQHandler
                0x08001278                DMA1_Channel7_IRQHandler
                0x08001278                CAN1_RX1_IRQHandler
                0x08001278                TIM4_IRQHandler
                0x08001278                I2C1_EV_IRQHandler
                0x08001278                DMA1_Channel6_IRQHandler
                0x08001278                TIM3_IRQHandler
                0x08001278                RCC_IRQHandler
                0x08001278                TIM1_TRG_COM_IRQHandler
                0x08001278                DMA1_Channel1_IRQHandler
                0x08001278                Default_Handler
                0x08001278                EXTI15_10_IRQHandler
                0x08001278                EXTI9_5_IRQHandler
                0x08001278                SPI2_IRQHandler
                0x08001278                DMA1_Channel5_IRQHandler
                0x08001278                EXTI4_IRQHandler
                0x08001278                USB_LP_CAN1_RX0_IRQHandler
                0x08001278                USB_HP_CAN1_TX_IRQHandler
                0x08001278                DMA1_Channel3_IRQHandler
                0x08001278                TIM1_UP_IRQHandler
                0x08001278                WWDG_IRQHandler
                0x08001278                TIM1_BRK_IRQHandler
                0x08001278                EXTI1_IRQHandler
                0x08001278                USART2_IRQHandler
                0x08001278                I2C2_ER_IRQHandler
                0x08001278                DMA1_Channel2_IRQHandler
                0x08001278                CAN1_SCE_IRQHandler
                0x08001278                FLASH_IRQHandler
                0x08001278                USART1_IRQHandler
                0x08001278                I2C1_ER_IRQHandler
                0x08001278                RTC_Alarm_IRQHandler
 *fill*         0x0800127a        0x2 
 .text.HAL_InitTick
                0x0800127c       0x4c CMakeFiles/Project.elf.dir/Drivers/STM32F1xx_HAL_Driver/Src/stm32f1xx_hal.c.obj
                0x0800127c                HAL_InitTick
 .text.HAL_Init
                0x080012c8       0x24 CMakeFiles/Project.elf.dir/Drivers/STM32F1xx_HAL_Driver/Src/stm32f1xx_hal.c.obj
                0x080012c8                HAL_Init
 .text.HAL_IncTick
                0x080012ec       0x18 CMakeFiles/Project.elf.dir/Drivers/STM32F1xx_HAL_Driver/Src/stm32f1xx_hal.c.obj
                0x080012ec                HAL_IncTick
 .text.HAL_GetTick
                0x08001304        0xc CMakeFiles/Project.elf.dir/Drivers/STM32F1xx_HAL_Driver/Src/stm32f1xx_hal.c.obj
                0x08001304                HAL_GetTick
 .text.HAL_ADC_PollForConversion
                0x08001310      0x184 CMakeFiles/Project.elf.dir/Drivers/STM32F1xx_HAL_Driver/Src/stm32f1xx_hal_adc.c.obj
                0x08001310                HAL_ADC_PollForConversion
 .text.HAL_ADC_GetValue
                0x08001494        0x6 CMakeFiles/Project.elf.dir/Drivers/STM32F1xx_HAL_Driver/Src/stm32f1xx_hal_adc.c.obj
                0x08001494                HAL_ADC_GetValue
 *fill*         0x0800149a        0x2 
 .text.HAL_ADC_ConfigChannel
                0x0800149c      0x140 CMakeFiles/Project.elf.dir/Drivers/STM32F1xx_HAL_Driver/Src/stm32f1xx_hal_adc.c.obj
                0x0800149c                HAL_ADC_ConfigChannel
 .text.ADC_Enable
                0x080015dc       0x88 CMakeFiles/Project.elf.dir/Drivers/STM32F1xx_HAL_Driver/Src/stm32f1xx_hal_adc.c.obj
                0x080015dc                ADC_Enable
 .text.HAL_ADC_Start
                0x08001664       0xe8 CMakeFiles/Project.elf.dir/Drivers/STM32F1xx_HAL_Driver/Src/stm32f1xx_hal_adc.c.obj
                0x08001664                HAL_ADC_Start
 .text.ADC_ConversionStop_Disable
                0x0800174c       0x56 CMakeFiles/Project.elf.dir/Drivers/STM32F1xx_HAL_Driver/Src/stm32f1xx_hal_adc.c.obj
                0x0800174c                ADC_ConversionStop_Disable
 *fill*         0x080017a2        0x2 
 .text.HAL_ADC_Init
                0x080017a4      0x108 CMakeFiles/Project.elf.dir/Drivers/STM32F1xx_HAL_Driver/Src/stm32f1xx_hal_adc.c.obj
                0x080017a4                HAL_ADC_Init
 .text.__NVIC_SetPriority
                0x080018ac       0x28 CMakeFiles/Project.elf.dir/Drivers/STM32F1xx_HAL_Driver/Src/stm32f1xx_hal_cortex.c.obj
 .text.NVIC_EncodePriority
                0x080018d4       0x3e CMakeFiles/Project.elf.dir/Drivers/STM32F1xx_HAL_Driver/Src/stm32f1xx_hal_cortex.c.obj
 *fill*         0x08001912        0x2 
 .text.HAL_NVIC_SetPriorityGrouping
                0x08001914       0x24 CMakeFiles/Project.elf.dir/Drivers/STM32F1xx_HAL_Driver/Src/stm32f1xx_hal_cortex.c.obj
                0x08001914                HAL_NVIC_SetPriorityGrouping
 .text.HAL_NVIC_SetPriority
                0x08001938       0x20 CMakeFiles/Project.elf.dir/Drivers/STM32F1xx_HAL_Driver/Src/stm32f1xx_hal_cortex.c.obj
                0x08001938                HAL_NVIC_SetPriority
 .text.HAL_NVIC_EnableIRQ
                0x08001958       0x1c CMakeFiles/Project.elf.dir/Drivers/STM32F1xx_HAL_Driver/Src/stm32f1xx_hal_cortex.c.obj
                0x08001958                HAL_NVIC_EnableIRQ
 .text.HAL_SYSTICK_Config
                0x08001974       0x28 CMakeFiles/Project.elf.dir/Drivers/STM32F1xx_HAL_Driver/Src/stm32f1xx_hal_cortex.c.obj
                0x08001974                HAL_SYSTICK_Config
 .text.HAL_GPIO_Init
                0x0800199c      0x21c CMakeFiles/Project.elf.dir/Drivers/STM32F1xx_HAL_Driver/Src/stm32f1xx_hal_gpio.c.obj
                0x0800199c                HAL_GPIO_Init
 .text.HAL_GPIO_WritePin
                0x08001bb8        0xc CMakeFiles/Project.elf.dir/Drivers/STM32F1xx_HAL_Driver/Src/stm32f1xx_hal_gpio.c.obj
                0x08001bb8                HAL_GPIO_WritePin
 .text.RCC_Delay
                0x08001bc4       0x2c CMakeFiles/Project.elf.dir/Drivers/STM32F1xx_HAL_Driver/Src/stm32f1xx_hal_rcc.c.obj
 .text.HAL_RCC_OscConfig
                0x08001bf0      0x410 CMakeFiles/Project.elf.dir/Drivers/STM32F1xx_HAL_Driver/Src/stm32f1xx_hal_rcc.c.obj
                0x08001bf0                HAL_RCC_OscConfig
 .text.HAL_RCC_GetSysClockFreq
                0x08002000       0x54 CMakeFiles/Project.elf.dir/Drivers/STM32F1xx_HAL_Driver/Src/stm32f1xx_hal_rcc.c.obj
                0x08002000                HAL_RCC_GetSysClockFreq
 .text.HAL_RCC_ClockConfig
                0x08002054      0x16c CMakeFiles/Project.elf.dir/Drivers/STM32F1xx_HAL_Driver/Src/stm32f1xx_hal_rcc.c.obj
                0x08002054                HAL_RCC_ClockConfig
 .text.HAL_RCC_GetHCLKFreq
                0x080021c0        0xc CMakeFiles/Project.elf.dir/Drivers/STM32F1xx_HAL_Driver/Src/stm32f1xx_hal_rcc.c.obj
                0x080021c0                HAL_RCC_GetHCLKFreq
 .text.HAL_RCC_GetPCLK2Freq
                0x080021cc       0x20 CMakeFiles/Project.elf.dir/Drivers/STM32F1xx_HAL_Driver/Src/stm32f1xx_hal_rcc.c.obj
                0x080021cc                HAL_RCC_GetPCLK2Freq
 .text.HAL_RCCEx_PeriphCLKConfig
                0x080021ec      0x118 CMakeFiles/Project.elf.dir/Drivers/STM32F1xx_HAL_Driver/Src/stm32f1xx_hal_rcc_ex.c.obj
                0x080021ec                HAL_RCCEx_PeriphCLKConfig
 .text.HAL_RCCEx_GetPeriphCLKFreq
                0x08002304       0xd8 CMakeFiles/Project.elf.dir/Drivers/STM32F1xx_HAL_Driver/Src/stm32f1xx_hal_rcc_ex.c.obj
                0x08002304                HAL_RCCEx_GetPeriphCLKFreq
 .text.TIM_TI1_ConfigInputStage
                0x080023dc       0x24 CMakeFiles/Project.elf.dir/Drivers/STM32F1xx_HAL_Driver/Src/stm32f1xx_hal_tim.c.obj
 .text.TIM_TI2_ConfigInputStage
                0x08002400       0x26 CMakeFiles/Project.elf.dir/Drivers/STM32F1xx_HAL_Driver/Src/stm32f1xx_hal_tim.c.obj
 .text.TIM_ITRx_SetConfig
                0x08002426       0x10 CMakeFiles/Project.elf.dir/Drivers/STM32F1xx_HAL_Driver/Src/stm32f1xx_hal_tim.c.obj
 .text.HAL_TIM_PeriodElapsedCallback
                0x08002436        0x2 CMakeFiles/Project.elf.dir/Drivers/STM32F1xx_HAL_Driver/Src/stm32f1xx_hal_tim.c.obj
                0x08002436                HAL_TIM_PeriodElapsedCallback
 .text.HAL_TIM_OC_DelayElapsedCallback
                0x08002438        0x2 CMakeFiles/Project.elf.dir/Drivers/STM32F1xx_HAL_Driver/Src/stm32f1xx_hal_tim.c.obj
                0x08002438                HAL_TIM_OC_DelayElapsedCallback
 .text.HAL_TIM_IC_CaptureCallback
                0x0800243a        0x2 CMakeFiles/Project.elf.dir/Drivers/STM32F1xx_HAL_Driver/Src/stm32f1xx_hal_tim.c.obj
                0x0800243a                HAL_TIM_IC_CaptureCallback
 .text.HAL_TIM_PWM_PulseFinishedCallback
                0x0800243c        0x2 CMakeFiles/Project.elf.dir/Drivers/STM32F1xx_HAL_Driver/Src/stm32f1xx_hal_tim.c.obj
                0x0800243c                HAL_TIM_PWM_PulseFinishedCallback
 .text.HAL_TIM_TriggerCallback
                0x0800243e        0x2 CMakeFiles/Project.elf.dir/Drivers/STM32F1xx_HAL_Driver/Src/stm32f1xx_hal_tim.c.obj
                0x0800243e                HAL_TIM_TriggerCallback
 .text.HAL_TIM_IRQHandler
                0x08002440      0x17a CMakeFiles/Project.elf.dir/Drivers/STM32F1xx_HAL_Driver/Src/stm32f1xx_hal_tim.c.obj
                0x08002440                HAL_TIM_IRQHandler
 *fill*         0x080025ba        0x2 
 .text.TIM_Base_SetConfig
                0x080025bc       0x74 CMakeFiles/Project.elf.dir/Drivers/STM32F1xx_HAL_Driver/Src/stm32f1xx_hal_tim.c.obj
                0x080025bc                TIM_Base_SetConfig
 .text.HAL_TIM_Base_Init
                0x08002630       0x58 CMakeFiles/Project.elf.dir/Drivers/STM32F1xx_HAL_Driver/Src/stm32f1xx_hal_tim.c.obj
                0x08002630                HAL_TIM_Base_Init
 .text.TIM_ETR_SetConfig
                0x08002688       0x18 CMakeFiles/Project.elf.dir/Drivers/STM32F1xx_HAL_Driver/Src/stm32f1xx_hal_tim.c.obj
                0x08002688                TIM_ETR_SetConfig
 .text.HAL_TIM_ConfigClockSource
                0x080026a0       0xfe CMakeFiles/Project.elf.dir/Drivers/STM32F1xx_HAL_Driver/Src/stm32f1xx_hal_tim.c.obj
                0x080026a0                HAL_TIM_ConfigClockSource
 *fill*         0x0800279e        0x2 
 .text.HAL_TIMEx_MasterConfigSynchronization
                0x080027a0       0x6c CMakeFiles/Project.elf.dir/Drivers/STM32F1xx_HAL_Driver/Src/stm32f1xx_hal_tim_ex.c.obj
                0x080027a0                HAL_TIMEx_MasterConfigSynchronization
 .text.HAL_TIMEx_CommutCallback
                0x0800280c        0x2 CMakeFiles/Project.elf.dir/Drivers/STM32F1xx_HAL_Driver/Src/stm32f1xx_hal_tim_ex.c.obj
                0x0800280c                HAL_TIMEx_CommutCallback
 .text.HAL_TIMEx_BreakCallback
                0x0800280e        0x2 CMakeFiles/Project.elf.dir/Drivers/STM32F1xx_HAL_Driver/Src/stm32f1xx_hal_tim_ex.c.obj
                0x0800280e                HAL_TIMEx_BreakCallback
 .text.sprintf  0x08002810       0x44 /Applications/ArmGNUToolchain/13.3.rel1/arm-none-eabi/bin/../lib/gcc/arm-none-eabi/13.3.1/../../../../arm-none-eabi/lib/thumb/v7-m/nofp/libg.a(libc_a-sprintf.o)
                0x08002810                sprintf
 .text.stdio_exit_handler
                0x08002854       0x18 /Applications/ArmGNUToolchain/13.3.rel1/arm-none-eabi/bin/../lib/gcc/arm-none-eabi/13.3.1/../../../../arm-none-eabi/lib/thumb/v7-m/nofp/libg.a(libc_a-findfp.o)
 .text.cleanup_stdio
                0x0800286c       0x40 /Applications/ArmGNUToolchain/13.3.rel1/arm-none-eabi/bin/../lib/gcc/arm-none-eabi/13.3.1/../../../../arm-none-eabi/lib/thumb/v7-m/nofp/libg.a(libc_a-findfp.o)
 .text.global_stdio_init.part.0
                0x080028ac       0xf0 /Applications/ArmGNUToolchain/13.3.rel1/arm-none-eabi/bin/../lib/gcc/arm-none-eabi/13.3.1/../../../../arm-none-eabi/lib/thumb/v7-m/nofp/libg.a(libc_a-findfp.o)
 .text.__sinit  0x0800299c       0x3c /Applications/ArmGNUToolchain/13.3.rel1/arm-none-eabi/bin/../lib/gcc/arm-none-eabi/13.3.1/../../../../arm-none-eabi/lib/thumb/v7-m/nofp/libg.a(libc_a-findfp.o)
                0x0800299c                __sinit
 .text.__sfp_lock_acquire
                0x080029d8        0xc /Applications/ArmGNUToolchain/13.3.rel1/arm-none-eabi/bin/../lib/gcc/arm-none-eabi/13.3.1/../../../../arm-none-eabi/lib/thumb/v7-m/nofp/libg.a(libc_a-findfp.o)
                0x080029d8                __sfp_lock_acquire
 .text.__sfp_lock_release
                0x080029e4        0xc /Applications/ArmGNUToolchain/13.3.rel1/arm-none-eabi/bin/../lib/gcc/arm-none-eabi/13.3.1/../../../../arm-none-eabi/lib/thumb/v7-m/nofp/libg.a(libc_a-findfp.o)
                0x080029e4                __sfp_lock_release
 .text.memset   0x080029f0       0xa0 /Applications/ArmGNUToolchain/13.3.rel1/arm-none-eabi/bin/../lib/gcc/arm-none-eabi/13.3.1/../../../../arm-none-eabi/lib/thumb/v7-m/nofp/libg.a(libc_a-memset.o)
                0x080029f0                memset
 .text.__errno  0x08002a90        0xc /Applications/ArmGNUToolchain/13.3.rel1/arm-none-eabi/bin/../lib/gcc/arm-none-eabi/13.3.1/../../../../arm-none-eabi/lib/thumb/v7-m/nofp/libg.a(libc_a-errno.o)
                0x08002a90                __errno
 .text.__libc_init_array
                0x08002a9c       0x50 /Applications/ArmGNUToolchain/13.3.rel1/arm-none-eabi/bin/../lib/gcc/arm-none-eabi/13.3.1/../../../../arm-none-eabi/lib/thumb/v7-m/nofp/libg.a(libc_a-init.o)
                0x08002a9c                __libc_init_array
 .text.__retarget_lock_init_recursive
                0x08002aec        0x4 /Applications/ArmGNUToolchain/13.3.rel1/arm-none-eabi/bin/../lib/gcc/arm-none-eabi/13.3.1/../../../../arm-none-eabi/lib/thumb/v7-m/nofp/libg.a(libc_a-lock.o)
                0x08002aec                __retarget_lock_init_recursive
 .text.__retarget_lock_close_recursive
                0x08002af0        0x4 /Applications/ArmGNUToolchain/13.3.rel1/arm-none-eabi/bin/../lib/gcc/arm-none-eabi/13.3.1/../../../../arm-none-eabi/lib/thumb/v7-m/nofp/libg.a(libc_a-lock.o)
                0x08002af0                __retarget_lock_close_recursive
 .text.__retarget_lock_acquire_recursive
                0x08002af4        0x4 /Applications/ArmGNUToolchain/13.3.rel1/arm-none-eabi/bin/../lib/gcc/arm-none-eabi/13.3.1/../../../../arm-none-eabi/lib/thumb/v7-m/nofp/libg.a(libc_a-lock.o)
                0x08002af4                __retarget_lock_acquire_recursive
 .text.__retarget_lock_release_recursive
                0x08002af8        0x4 /Applications/ArmGNUToolchain/13.3.rel1/arm-none-eabi/bin/../lib/gcc/arm-none-eabi/13.3.1/../../../../arm-none-eabi/lib/thumb/v7-m/nofp/libg.a(libc_a-lock.o)
                0x08002af8                __retarget_lock_release_recursive
 .text.startup.register_fini
                0x08002afc       0x14 /Applications/ArmGNUToolchain/13.3.rel1/arm-none-eabi/bin/../lib/gcc/arm-none-eabi/13.3.1/../../../../arm-none-eabi/lib/thumb/v7-m/nofp/libg.a(libc_a-__call_atexit.o)
 .text.atexit   0x08002b10        0xc /Applications/ArmGNUToolchain/13.3.rel1/arm-none-eabi/bin/../lib/gcc/arm-none-eabi/13.3.1/../../../../arm-none-eabi/lib/thumb/v7-m/nofp/libg.a(libc_a-atexit.o)
                0x08002b10                atexit
 .text._malloc_r
                0x08002b1c      0x568 /Applications/ArmGNUToolchain/13.3.rel1/arm-none-eabi/bin/../lib/gcc/arm-none-eabi/13.3.1/../../../../arm-none-eabi/lib/thumb/v7-m/nofp/libg.a(libc_a-mallocr.o)
                0x08002b1c                _malloc_r
 .text._svfprintf_r
                0x08003084     0x1b2c /Applications/ArmGNUToolchain/13.3.rel1/arm-none-eabi/bin/../lib/gcc/arm-none-eabi/13.3.1/../../../../arm-none-eabi/lib/thumb/v7-m/nofp/libg.a(libc_a-svfprintf.o)
                0x08003084                _svfprintf_r
 .text.__malloc_lock
                0x08004bb0        0xc /Applications/ArmGNUToolchain/13.3.rel1/arm-none-eabi/bin/../lib/gcc/arm-none-eabi/13.3.1/../../../../arm-none-eabi/lib/thumb/v7-m/nofp/libg.a(libc_a-mlock.o)
                0x08004bb0                __malloc_lock
 .text.__malloc_unlock
                0x08004bbc        0xc /Applications/ArmGNUToolchain/13.3.rel1/arm-none-eabi/bin/../lib/gcc/arm-none-eabi/13.3.1/../../../../arm-none-eabi/lib/thumb/v7-m/nofp/libg.a(libc_a-mlock.o)
                0x08004bbc                __malloc_unlock
 .text._fwalk_sglue
                0x08004bc8       0x44 /Applications/ArmGNUToolchain/13.3.rel1/arm-none-eabi/bin/../lib/gcc/arm-none-eabi/13.3.1/../../../../arm-none-eabi/lib/thumb/v7-m/nofp/libg.a(libc_a-fwalk.o)
                0x08004bc8                _fwalk_sglue
 .text.__ssprint_r
                0x08004c0c       0x58 /Applications/ArmGNUToolchain/13.3.rel1/arm-none-eabi/bin/../lib/gcc/arm-none-eabi/13.3.1/../../../../arm-none-eabi/lib/thumb/v7-m/nofp/libg.a(libc_a-ssprint_r.o)
                0x08004c0c                __ssprint_r
 .text._fclose_r
                0x08004c64       0xc0 /Applications/ArmGNUToolchain/13.3.rel1/arm-none-eabi/bin/../lib/gcc/arm-none-eabi/13.3.1/../../../../arm-none-eabi/lib/thumb/v7-m/nofp/libg.a(libc_a-fclose.o)
                0x08004c64                _fclose_r
 .text.__sflush_r
                0x08004d24      0x128 /Applications/ArmGNUToolchain/13.3.rel1/arm-none-eabi/bin/../lib/gcc/arm-none-eabi/13.3.1/../../../../arm-none-eabi/lib/thumb/v7-m/nofp/libg.a(libc_a-fflush.o)
                0x08004d24                __sflush_r
 .text._fflush_r
                0x08004e4c       0x54 /Applications/ArmGNUToolchain/13.3.rel1/arm-none-eabi/bin/../lib/gcc/arm-none-eabi/13.3.1/../../../../arm-none-eabi/lib/thumb/v7-m/nofp/libg.a(libc_a-fflush.o)
                0x08004e4c                _fflush_r
 .text.__sread  0x08004ea0       0x24 /Applications/ArmGNUToolchain/13.3.rel1/arm-none-eabi/bin/../lib/gcc/arm-none-eabi/13.3.1/../../../../arm-none-eabi/lib/thumb/v7-m/nofp/libg.a(libc_a-stdio.o)
                0x08004ea0                __sread
 .text.__swrite
                0x08004ec4       0x40 /Applications/ArmGNUToolchain/13.3.rel1/arm-none-eabi/bin/../lib/gcc/arm-none-eabi/13.3.1/../../../../arm-none-eabi/lib/thumb/v7-m/nofp/libg.a(libc_a-stdio.o)
                0x08004ec4                __swrite
 .text.__sseek  0x08004f04       0x24 /Applications/ArmGNUToolchain/13.3.rel1/arm-none-eabi/bin/../lib/gcc/arm-none-eabi/13.3.1/../../../../arm-none-eabi/lib/thumb/v7-m/nofp/libg.a(libc_a-stdio.o)
                0x08004f04                __sseek
 .text.__sclose
                0x08004f28        0x8 /Applications/ArmGNUToolchain/13.3.rel1/arm-none-eabi/bin/../lib/gcc/arm-none-eabi/13.3.1/../../../../arm-none-eabi/lib/thumb/v7-m/nofp/libg.a(libc_a-stdio.o)
                0x08004f28                __sclose
 .text.strncpy  0x08004f30       0x6c /Applications/ArmGNUToolchain/13.3.rel1/arm-none-eabi/bin/../lib/gcc/arm-none-eabi/13.3.1/../../../../arm-none-eabi/lib/thumb/v7-m/nofp/libg.a(libc_a-strncpy.o)
                0x08004f30                strncpy
 .text.__locale_mb_cur_max
                0x08004f9c        0xc /Applications/ArmGNUToolchain/13.3.rel1/arm-none-eabi/bin/../lib/gcc/arm-none-eabi/13.3.1/../../../../arm-none-eabi/lib/thumb/v7-m/nofp/libg.a(libc_a-locale.o)
                0x08004f9c                __locale_mb_cur_max
 .text._localeconv_r
                0x08004fa8        0x8 /Applications/ArmGNUToolchain/13.3.rel1/arm-none-eabi/bin/../lib/gcc/arm-none-eabi/13.3.1/../../../../arm-none-eabi/lib/thumb/v7-m/nofp/libg.a(libc_a-localeconv.o)
                0x08004fa8                _localeconv_r
 .text._close_r
                0x08004fb0       0x24 /Applications/ArmGNUToolchain/13.3.rel1/arm-none-eabi/bin/../lib/gcc/arm-none-eabi/13.3.1/../../../../arm-none-eabi/lib/thumb/v7-m/nofp/libg.a(libc_a-closer.o)
                0x08004fb0                _close_r
 .text._lseek_r
                0x08004fd4       0x2c /Applications/ArmGNUToolchain/13.3.rel1/arm-none-eabi/bin/../lib/gcc/arm-none-eabi/13.3.1/../../../../arm-none-eabi/lib/thumb/v7-m/nofp/libg.a(libc_a-lseekr.o)
                0x08004fd4                _lseek_r
 .text._read_r  0x08005000       0x2c /Applications/ArmGNUToolchain/13.3.rel1/arm-none-eabi/bin/../lib/gcc/arm-none-eabi/13.3.1/../../../../arm-none-eabi/lib/thumb/v7-m/nofp/libg.a(libc_a-readr.o)
                0x08005000                _read_r
 .text._sbrk_r  0x0800502c       0x24 /Applications/ArmGNUToolchain/13.3.rel1/arm-none-eabi/bin/../lib/gcc/arm-none-eabi/13.3.1/../../../../arm-none-eabi/lib/thumb/v7-m/nofp/libg.a(libc_a-sbrkr.o)
                0x0800502c                _sbrk_r
 .text._write_r
                0x08005050       0x2c /Applications/ArmGNUToolchain/13.3.rel1/arm-none-eabi/bin/../lib/gcc/arm-none-eabi/13.3.1/../../../../arm-none-eabi/lib/thumb/v7-m/nofp/libg.a(libc_a-writer.o)
                0x08005050                _write_r
 .text.sysconf  0x0800507c       0x1c /Applications/ArmGNUToolchain/13.3.rel1/arm-none-eabi/bin/../lib/gcc/arm-none-eabi/13.3.1/../../../../arm-none-eabi/lib/thumb/v7-m/nofp/libg.a(libc_a-sysconf.o)
                0x0800507c                sysconf
 .text.__libc_fini_array
                0x08005098       0x28 /Applications/ArmGNUToolchain/13.3.rel1/arm-none-eabi/bin/../lib/gcc/arm-none-eabi/13.3.1/../../../../arm-none-eabi/lib/thumb/v7-m/nofp/libg.a(libc_a-fini.o)
                0x08005098                __libc_fini_array
 .text.memchr   0x080050c0       0x98 /Applications/ArmGNUToolchain/13.3.rel1/arm-none-eabi/bin/../lib/gcc/arm-none-eabi/13.3.1/../../../../arm-none-eabi/lib/thumb/v7-m/nofp/libg.a(libc_a-memchr-stub.o)
                0x080050c0                memchr
 .text.strlen   0x08005158       0x5c /Applications/ArmGNUToolchain/13.3.rel1/arm-none-eabi/bin/../lib/gcc/arm-none-eabi/13.3.1/../../../../arm-none-eabi/lib/thumb/v7-m/nofp/libg.a(libc_a-strlen-stub.o)
                0x08005158                strlen
 .text._wcrtomb_r
                0x080051b4       0x4c /Applications/ArmGNUToolchain/13.3.rel1/arm-none-eabi/bin/../lib/gcc/arm-none-eabi/13.3.1/../../../../arm-none-eabi/lib/thumb/v7-m/nofp/libg.a(libc_a-wcrtomb.o)
                0x080051b4                _wcrtomb_r
 .text._wcsrtombs_r
                0x08005200       0x18 /Applications/ArmGNUToolchain/13.3.rel1/arm-none-eabi/bin/../lib/gcc/arm-none-eabi/13.3.1/../../../../arm-none-eabi/lib/thumb/v7-m/nofp/libg.a(libc_a-wcsrtombs.o)
                0x08005200                _wcsrtombs_r
 .text.__register_exitproc
                0x08005218       0x80 /Applications/ArmGNUToolchain/13.3.rel1/arm-none-eabi/bin/../lib/gcc/arm-none-eabi/13.3.1/../../../../arm-none-eabi/lib/thumb/v7-m/nofp/libg.a(libc_a-__atexit.o)
                0x08005218                __register_exitproc
 .text.frexp    0x08005298       0x6c /Applications/ArmGNUToolchain/13.3.rel1/arm-none-eabi/bin/../lib/gcc/arm-none-eabi/13.3.1/../../../../arm-none-eabi/lib/thumb/v7-m/nofp/libg.a(libm_a-s_frexp.o)
                0x08005298                frexp
 .text.quorem   0x08005304      0x13c /Applications/ArmGNUToolchain/13.3.rel1/arm-none-eabi/bin/../lib/gcc/arm-none-eabi/13.3.1/../../../../arm-none-eabi/lib/thumb/v7-m/nofp/libg.a(libc_a-dtoa.o)
 .text._dtoa_r  0x08005440      0xe94 /Applications/ArmGNUToolchain/13.3.rel1/arm-none-eabi/bin/../lib/gcc/arm-none-eabi/13.3.1/../../../../arm-none-eabi/lib/thumb/v7-m/nofp/libg.a(libc_a-dtoa.o)
                0x08005440                _dtoa_r
 .text._malloc_trim_r
                0x080062d4       0xb8 /Applications/ArmGNUToolchain/13.3.rel1/arm-none-eabi/bin/../lib/gcc/arm-none-eabi/13.3.1/../../../../arm-none-eabi/lib/thumb/v7-m/nofp/libg.a(libc_a-freer.o)
                0x080062d4                _malloc_trim_r
 .text._free_r  0x0800638c      0x1f8 /Applications/ArmGNUToolchain/13.3.rel1/arm-none-eabi/bin/../lib/gcc/arm-none-eabi/13.3.1/../../../../arm-none-eabi/lib/thumb/v7-m/nofp/libg.a(libc_a-freer.o)
                0x0800638c                _free_r
 .text.__ascii_mbtowc
                0x08006584       0x2c /Applications/ArmGNUToolchain/13.3.rel1/arm-none-eabi/bin/../lib/gcc/arm-none-eabi/13.3.1/../../../../arm-none-eabi/lib/thumb/v7-m/nofp/libg.a(libc_a-mbtowc_r.o)
                0x08006584                __ascii_mbtowc
 .text._Balloc  0x080065b0       0x4c /Applications/ArmGNUToolchain/13.3.rel1/arm-none-eabi/bin/../lib/gcc/arm-none-eabi/13.3.1/../../../../arm-none-eabi/lib/thumb/v7-m/nofp/libg.a(libc_a-mprec.o)
                0x080065b0                _Balloc
 .text._Bfree   0x080065fc       0x14 /Applications/ArmGNUToolchain/13.3.rel1/arm-none-eabi/bin/../lib/gcc/arm-none-eabi/13.3.1/../../../../arm-none-eabi/lib/thumb/v7-m/nofp/libg.a(libc_a-mprec.o)
                0x080065fc                _Bfree
 .text.__multadd
                0x08006610       0xa4 /Applications/ArmGNUToolchain/13.3.rel1/arm-none-eabi/bin/../lib/gcc/arm-none-eabi/13.3.1/../../../../arm-none-eabi/lib/thumb/v7-m/nofp/libg.a(libc_a-mprec.o)
                0x08006610                __multadd
 .text.__hi0bits
                0x080066b4       0x44 /Applications/ArmGNUToolchain/13.3.rel1/arm-none-eabi/bin/../lib/gcc/arm-none-eabi/13.3.1/../../../../arm-none-eabi/lib/thumb/v7-m/nofp/libg.a(libc_a-mprec.o)
                0x080066b4                __hi0bits
 .text.__lo0bits
                0x080066f8       0x5c /Applications/ArmGNUToolchain/13.3.rel1/arm-none-eabi/bin/../lib/gcc/arm-none-eabi/13.3.1/../../../../arm-none-eabi/lib/thumb/v7-m/nofp/libg.a(libc_a-mprec.o)
                0x080066f8                __lo0bits
 .text.__i2b    0x08006754       0x5c /Applications/ArmGNUToolchain/13.3.rel1/arm-none-eabi/bin/../lib/gcc/arm-none-eabi/13.3.1/../../../../arm-none-eabi/lib/thumb/v7-m/nofp/libg.a(libc_a-mprec.o)
                0x08006754                __i2b
 .text.__multiply
                0x080067b0      0x164 /Applications/ArmGNUToolchain/13.3.rel1/arm-none-eabi/bin/../lib/gcc/arm-none-eabi/13.3.1/../../../../arm-none-eabi/lib/thumb/v7-m/nofp/libg.a(libc_a-mprec.o)
                0x080067b0                __multiply
 .text.__pow5mult
                0x08006914       0xb4 /Applications/ArmGNUToolchain/13.3.rel1/arm-none-eabi/bin/../lib/gcc/arm-none-eabi/13.3.1/../../../../arm-none-eabi/lib/thumb/v7-m/nofp/libg.a(libc_a-mprec.o)
                0x08006914                __pow5mult
 .text.__lshift
                0x080069c8       0xec /Applications/ArmGNUToolchain/13.3.rel1/arm-none-eabi/bin/../lib/gcc/arm-none-eabi/13.3.1/../../../../arm-none-eabi/lib/thumb/v7-m/nofp/libg.a(libc_a-mprec.o)
                0x080069c8                __lshift
 .text.__mcmp   0x08006ab4       0x40 /Applications/ArmGNUToolchain/13.3.rel1/arm-none-eabi/bin/../lib/gcc/arm-none-eabi/13.3.1/../../../../arm-none-eabi/lib/thumb/v7-m/nofp/libg.a(libc_a-mprec.o)
                0x08006ab4                __mcmp
 .text.__mdiff  0x08006af4      0x178 /Applications/ArmGNUToolchain/13.3.rel1/arm-none-eabi/bin/../lib/gcc/arm-none-eabi/13.3.1/../../../../arm-none-eabi/lib/thumb/v7-m/nofp/libg.a(libc_a-mprec.o)
                0x08006af4                __mdiff
 .text.__d2b    0x08006c6c       0xbc /Applications/ArmGNUToolchain/13.3.rel1/arm-none-eabi/bin/../lib/gcc/arm-none-eabi/13.3.1/../../../../arm-none-eabi/lib/thumb/v7-m/nofp/libg.a(libc_a-mprec.o)
                0x08006c6c                __d2b
 .text.__ssputs_r
                0x08006d28       0xc0 /Applications/ArmGNUToolchain/13.3.rel1/arm-none-eabi/bin/../lib/gcc/arm-none-eabi/13.3.1/../../../../arm-none-eabi/lib/thumb/v7-m/nofp/libg.a(libc_a-ssputs_r.o)
                0x08006d28                __ssputs_r
 .text.__ascii_wctomb
                0x08006de8       0x1c /Applications/ArmGNUToolchain/13.3.rel1/arm-none-eabi/bin/../lib/gcc/arm-none-eabi/13.3.1/../../../../arm-none-eabi/lib/thumb/v7-m/nofp/libg.a(libc_a-wctomb_r.o)
                0x08006de8                __ascii_wctomb
 .text.memmove  0x08006e04       0xfc /Applications/ArmGNUToolchain/13.3.rel1/arm-none-eabi/bin/../lib/gcc/arm-none-eabi/13.3.1/../../../../arm-none-eabi/lib/thumb/v7-m/nofp/libg.a(libc_a-memmove.o)
                0x08006e04                memmove
 .text._wcsnrtombs_l
                0x08006f00       0xec /Applications/ArmGNUToolchain/13.3.rel1/arm-none-eabi/bin/../lib/gcc/arm-none-eabi/13.3.1/../../../../arm-none-eabi/lib/thumb/v7-m/nofp/libg.a(libc_a-wcsnrtombs.o)
                0x08006f00                _wcsnrtombs_l
 .text._wcsnrtombs_r
                0x08006fec       0x24 /Applications/ArmGNUToolchain/13.3.rel1/arm-none-eabi/bin/../lib/gcc/arm-none-eabi/13.3.1/../../../../arm-none-eabi/lib/thumb/v7-m/nofp/libg.a(libc_a-wcsnrtombs.o)
                0x08006fec                _wcsnrtombs_r
 .text.__assert_func
                0x08007010       0x40 /Applications/ArmGNUToolchain/13.3.rel1/arm-none-eabi/bin/../lib/gcc/arm-none-eabi/13.3.1/../../../../arm-none-eabi/lib/thumb/v7-m/nofp/libg.a(libc_a-assert.o)
                0x08007010                __assert_func
 .text._calloc_r
                0x08007050       0x6c /Applications/ArmGNUToolchain/13.3.rel1/arm-none-eabi/bin/../lib/gcc/arm-none-eabi/13.3.1/../../../../arm-none-eabi/lib/thumb/v7-m/nofp/libg.a(libc_a-callocr.o)
                0x08007050                _calloc_r
 .text.fiprintf
                0x080070bc       0x28 /Applications/ArmGNUToolchain/13.3.rel1/arm-none-eabi/bin/../lib/gcc/arm-none-eabi/13.3.1/../../../../arm-none-eabi/lib/thumb/v7-m/nofp/libg.a(libc_a-fiprintf.o)
                0x080070bc                fiprintf
 .text._vfiprintf_r
                0x080070e4      0xeb8 /Applications/ArmGNUToolchain/13.3.rel1/arm-none-eabi/bin/../lib/gcc/arm-none-eabi/13.3.1/../../../../arm-none-eabi/lib/thumb/v7-m/nofp/libg.a(libc_a-vfiprintf.o)
                0x080070e4                _vfiprintf_r
 .text.__sbprintf
                0x08007f9c       0x80 /Applications/ArmGNUToolchain/13.3.rel1/arm-none-eabi/bin/../lib/gcc/arm-none-eabi/13.3.1/../../../../arm-none-eabi/lib/thumb/v7-m/nofp/libg.a(libc_a-vfiprintf.o)
 .text._realloc_r
                0x0800801c      0x34c /Applications/ArmGNUToolchain/13.3.rel1/arm-none-eabi/bin/../lib/gcc/arm-none-eabi/13.3.1/../../../../arm-none-eabi/lib/thumb/v7-m/nofp/libg.a(libc_a-reallocr.o)
                0x0800801c                _realloc_r
 .text.__sprint_r
                0x08008368       0x20 /Applications/ArmGNUToolchain/13.3.rel1/arm-none-eabi/bin/../lib/gcc/arm-none-eabi/13.3.1/../../../../arm-none-eabi/lib/thumb/v7-m/nofp/libg.a(libc_a-sprint_r.o)
                0x08008368                __sprint_r
 .text.__swsetup_r
                0x08008388       0xc4 /Applications/ArmGNUToolchain/13.3.rel1/arm-none-eabi/bin/../lib/gcc/arm-none-eabi/13.3.1/../../../../arm-none-eabi/lib/thumb/v7-m/nofp/libg.a(libc_a-wsetup.o)
                0x08008388                __swsetup_r
 .text.abort    0x0800844c       0x10 /Applications/ArmGNUToolchain/13.3.rel1/arm-none-eabi/bin/../lib/gcc/arm-none-eabi/13.3.1/../../../../arm-none-eabi/lib/thumb/v7-m/nofp/libg.a(libc_a-abort.o)
                0x0800844c                abort
 .text.__sfvwrite_r
                0x0800845c      0x2ec /Applications/ArmGNUToolchain/13.3.rel1/arm-none-eabi/bin/../lib/gcc/arm-none-eabi/13.3.1/../../../../arm-none-eabi/lib/thumb/v7-m/nofp/libg.a(libc_a-fvwrite.o)
                0x0800845c                __sfvwrite_r
 .text.__smakebuf_r
                0x08008748       0xdc /Applications/ArmGNUToolchain/13.3.rel1/arm-none-eabi/bin/../lib/gcc/arm-none-eabi/13.3.1/../../../../arm-none-eabi/lib/thumb/v7-m/nofp/libg.a(libc_a-makebuf.o)
                0x08008748                __smakebuf_r
 .text.raise    0x08008824       0x58 /Applications/ArmGNUToolchain/13.3.rel1/arm-none-eabi/bin/../lib/gcc/arm-none-eabi/13.3.1/../../../../arm-none-eabi/lib/thumb/v7-m/nofp/libg.a(libc_a-signal.o)
                0x08008824                raise
 .text._fstat_r
                0x0800887c       0x28 /Applications/ArmGNUToolchain/13.3.rel1/arm-none-eabi/bin/../lib/gcc/arm-none-eabi/13.3.1/../../../../arm-none-eabi/lib/thumb/v7-m/nofp/libg.a(libc_a-fstatr.o)
                0x0800887c                _fstat_r
 .text._isatty_r
                0x080088a4       0x24 /Applications/ArmGNUToolchain/13.3.rel1/arm-none-eabi/bin/../lib/gcc/arm-none-eabi/13.3.1/../../../../arm-none-eabi/lib/thumb/v7-m/nofp/libg.a(libc_a-isattyr.o)
                0x080088a4                _isatty_r
 .text._kill_r  0x080088c8       0x28 /Applications/ArmGNUToolchain/13.3.rel1/arm-none-eabi/bin/../lib/gcc/arm-none-eabi/13.3.1/../../../../arm-none-eabi/lib/thumb/v7-m/nofp/libg.a(libc_a-signalr.o)
                0x080088c8                _kill_r
 .text._getpid_r
                0x080088f0        0x4 /Applications/ArmGNUToolchain/13.3.rel1/arm-none-eabi/bin/../lib/gcc/arm-none-eabi/13.3.1/../../../../arm-none-eabi/lib/thumb/v7-m/nofp/libg.a(libc_a-signalr.o)
                0x080088f0                _getpid_r
 *(.glue_7)
 .glue_7        0x080088f4        0x0 linker stubs
 *(.glue_7t)
 .glue_7t       0x080088f4        0x0 linker stubs
 *(.eh_frame)
 .eh_frame      0x080088f4        0x0 /Applications/ArmGNUToolchain/13.3.rel1/arm-none-eabi/bin/../lib/gcc/arm-none-eabi/13.3.1/thumb/v7-m/nofp/crtbegin.o
 *(.init)
 .init          0x080088f4        0x4 /Applications/ArmGNUToolchain/13.3.rel1/arm-none-eabi/bin/../lib/gcc/arm-none-eabi/13.3.1/thumb/v7-m/nofp/crti.o
                0x080088f4                _init
 .init          0x080088f8        0x8 /Applications/ArmGNUToolchain/13.3.rel1/arm-none-eabi/bin/../lib/gcc/arm-none-eabi/13.3.1/thumb/v7-m/nofp/crtn.o
 *(.fini)
 .fini          0x08008900        0x4 /Applications/ArmGNUToolchain/13.3.rel1/arm-none-eabi/bin/../lib/gcc/arm-none-eabi/13.3.1/thumb/v7-m/nofp/crti.o
                0x08008900                _fini
 .fini          0x08008904        0x8 /Applications/ArmGNUToolchain/13.3.rel1/arm-none-eabi/bin/../lib/gcc/arm-none-eabi/13.3.1/thumb/v7-m/nofp/crtn.o
                0x0800890c                        . = ALIGN (0x4)
                0x0800890c                        _etext = .

.vfp11_veneer   0x0800890c        0x0
 .vfp11_veneer  0x0800890c        0x0 linker stubs

.v4_bx          0x0800890c        0x0
 .v4_bx         0x0800890c        0x0 linker stubs

.iplt           0x0800890c        0x0
 .iplt          0x0800890c        0x0 /Applications/ArmGNUToolchain/13.3.rel1/arm-none-eabi/bin/../lib/gcc/arm-none-eabi/13.3.1/thumb/v7-m/nofp/crtbegin.o

.rodata         0x08008910      0x448
                0x08008910                        . = ALIGN (0x4)
 *(.rodata)
 *(.rodata*)
 .rodata.LCD_Display_Decimal.str1.4
                0x08008910      0x1c7 CMakeFiles/Project.elf.dir/Core/Src/lcd1602.c.obj
                                  0x3 (size before relaxing)
 .rodata.main.str1.4
                0x08008ad7        0xb CMakeFiles/Project.elf.dir/Core/Src/main.c.obj
 *fill*         0x08008ad7        0x1 
 .rodata.APBPrescTable
                0x08008ad8        0x8 CMakeFiles/Project.elf.dir/Core/Src/system_stm32f1xx.c.obj
                0x08008ad8                APBPrescTable
 .rodata.AHBPrescTable
                0x08008ae0       0x10 CMakeFiles/Project.elf.dir/Core/Src/system_stm32f1xx.c.obj
                0x08008ae0                AHBPrescTable
 .rodata.aPredivFactorTable.0
                0x08008af0        0x2 CMakeFiles/Project.elf.dir/Drivers/STM32F1xx_HAL_Driver/Src/stm32f1xx_hal_rcc.c.obj
 *fill*         0x08008af2        0x2 
 .rodata.aPLLMULFactorTable.1
                0x08008af4       0x10 CMakeFiles/Project.elf.dir/Drivers/STM32F1xx_HAL_Driver/Src/stm32f1xx_hal_rcc.c.obj
 .rodata.aPredivFactorTable.0
                0x08008b04        0x2 CMakeFiles/Project.elf.dir/Drivers/STM32F1xx_HAL_Driver/Src/stm32f1xx_hal_rcc_ex.c.obj
 *fill*         0x08008b06        0x2 
 .rodata.aPLLMULFactorTable.1
                0x08008b08       0x10 CMakeFiles/Project.elf.dir/Drivers/STM32F1xx_HAL_Driver/Src/stm32f1xx_hal_rcc_ex.c.obj
 .rodata._svfprintf_r.str1.4
                0x08008b18       0x42 /Applications/ArmGNUToolchain/13.3.rel1/arm-none-eabi/bin/../lib/gcc/arm-none-eabi/13.3.1/../../../../arm-none-eabi/lib/thumb/v7-m/nofp/libg.a(libc_a-svfprintf.o)
 .rodata.zeroes.0
                0x08008b18       0x10 /Applications/ArmGNUToolchain/13.3.rel1/arm-none-eabi/bin/../lib/gcc/arm-none-eabi/13.3.1/../../../../arm-none-eabi/lib/thumb/v7-m/nofp/libg.a(libc_a-svfprintf.o)
 .rodata.blanks.1
                0x08008b28       0x10 /Applications/ArmGNUToolchain/13.3.rel1/arm-none-eabi/bin/../lib/gcc/arm-none-eabi/13.3.1/../../../../arm-none-eabi/lib/thumb/v7-m/nofp/libg.a(libc_a-svfprintf.o)
 .rodata.str1.4
                0x08008b38       0x4c /Applications/ArmGNUToolchain/13.3.rel1/arm-none-eabi/bin/../lib/gcc/arm-none-eabi/13.3.1/../../../../arm-none-eabi/lib/thumb/v7-m/nofp/libg.a(libc_a-locale.o)
 .rodata._ctype_
                0x08008b38      0x101 /Applications/ArmGNUToolchain/13.3.rel1/arm-none-eabi/bin/../lib/gcc/arm-none-eabi/13.3.1/../../../../arm-none-eabi/lib/thumb/v7-m/nofp/libg.a(libc_a-ctype_.o)
                0x08008b38                _ctype_
 .rodata._dtoa_r.str1.4
                0x08008c39       0x89 /Applications/ArmGNUToolchain/13.3.rel1/arm-none-eabi/bin/../lib/gcc/arm-none-eabi/13.3.1/../../../../arm-none-eabi/lib/thumb/v7-m/nofp/libg.a(libc_a-dtoa.o)
 .rodata.__multadd.str1.4
                0x08008c39       0x76 /Applications/ArmGNUToolchain/13.3.rel1/arm-none-eabi/bin/../lib/gcc/arm-none-eabi/13.3.1/../../../../arm-none-eabi/lib/thumb/v7-m/nofp/libg.a(libc_a-mprec.o)
 *fill*         0x08008c39        0x3 
 .rodata.p05.0  0x08008c3c        0xc /Applications/ArmGNUToolchain/13.3.rel1/arm-none-eabi/bin/../lib/gcc/arm-none-eabi/13.3.1/../../../../arm-none-eabi/lib/thumb/v7-m/nofp/libg.a(libc_a-mprec.o)
 .rodata.__mprec_bigtens
                0x08008c48       0x28 /Applications/ArmGNUToolchain/13.3.rel1/arm-none-eabi/bin/../lib/gcc/arm-none-eabi/13.3.1/../../../../arm-none-eabi/lib/thumb/v7-m/nofp/libg.a(libc_a-mprec.o)
                0x08008c48                __mprec_bigtens
 .rodata.__mprec_tens
                0x08008c70       0xc8 /Applications/ArmGNUToolchain/13.3.rel1/arm-none-eabi/bin/../lib/gcc/arm-none-eabi/13.3.1/../../../../arm-none-eabi/lib/thumb/v7-m/nofp/libg.a(libc_a-mprec.o)
                0x08008c70                __mprec_tens
 .rodata.__assert_func.str1.4
                0x08008d38       0x43 /Applications/ArmGNUToolchain/13.3.rel1/arm-none-eabi/bin/../lib/gcc/arm-none-eabi/13.3.1/../../../../arm-none-eabi/lib/thumb/v7-m/nofp/libg.a(libc_a-assert.o)
 .rodata._vfiprintf_r.str1.4
                0x08008d38       0x2f /Applications/ArmGNUToolchain/13.3.rel1/arm-none-eabi/bin/../lib/gcc/arm-none-eabi/13.3.1/../../../../arm-none-eabi/lib/thumb/v7-m/nofp/libg.a(libc_a-vfiprintf.o)
 .rodata.zeroes.0
                0x08008d38       0x10 /Applications/ArmGNUToolchain/13.3.rel1/arm-none-eabi/bin/../lib/gcc/arm-none-eabi/13.3.1/../../../../arm-none-eabi/lib/thumb/v7-m/nofp/libg.a(libc_a-vfiprintf.o)
 .rodata.blanks.1
                0x08008d48       0x10 /Applications/ArmGNUToolchain/13.3.rel1/arm-none-eabi/bin/../lib/gcc/arm-none-eabi/13.3.1/../../../../arm-none-eabi/lib/thumb/v7-m/nofp/libg.a(libc_a-vfiprintf.o)
                0x08008d7c                        . = ALIGN (0x4)

.ARM.extab      0x08008d58        0x0
                0x08008d58                        . = ALIGN (0x4)
 *(.ARM.extab* .gnu.linkonce.armextab.*)
                0x08008d58                        . = ALIGN (0x4)

.ARM            0x08008d58        0x8
                0x08008d58                        . = ALIGN (0x4)
                0x08008d58                        __exidx_start = .
 *(.ARM.exidx*)
 .ARM.exidx     0x08008d58        0x8 /Applications/ArmGNUToolchain/13.3.rel1/arm-none-eabi/bin/../lib/gcc/arm-none-eabi/13.3.1/../../../../arm-none-eabi/lib/thumb/v7-m/nofp/libg.a(libc_a-memcpy.o)
                0x08008d60                        __exidx_end = .
                0x08008d60                        . = ALIGN (0x4)

.preinit_array  0x08008d60        0x0
                0x08008d60                        . = ALIGN (0x4)
                0x08008d60                        PROVIDE (__preinit_array_start = .)
 *(.preinit_array*)
                0x08008d60                        PROVIDE (__preinit_array_end = .)
                0x08008d60                        . = ALIGN (0x4)

.init_array     0x08008d60        0x8
                0x08008d60                        . = ALIGN (0x4)
                0x08008d60                        PROVIDE (__init_array_start = .)
 *(SORT_BY_NAME(.init_array.*))
 .init_array.00000
                0x08008d60        0x4 /Applications/ArmGNUToolchain/13.3.rel1/arm-none-eabi/bin/../lib/gcc/arm-none-eabi/13.3.1/../../../../arm-none-eabi/lib/thumb/v7-m/nofp/libg.a(libc_a-__call_atexit.o)
 *(.init_array*)
 .init_array    0x08008d64        0x4 /Applications/ArmGNUToolchain/13.3.rel1/arm-none-eabi/bin/../lib/gcc/arm-none-eabi/13.3.1/thumb/v7-m/nofp/crtbegin.o
                0x08008d68                        PROVIDE (__init_array_end = .)
                0x08008d68                        . = ALIGN (0x4)

.fini_array     0x08008d68        0x4
                0x08008d68                        . = ALIGN (0x4)
                0x08008d68                        PROVIDE (__fini_array_start = .)
 *(SORT_BY_NAME(.fini_array.*))
 *(.fini_array*)
 .fini_array    0x08008d68        0x4 /Applications/ArmGNUToolchain/13.3.rel1/arm-none-eabi/bin/../lib/gcc/arm-none-eabi/13.3.1/thumb/v7-m/nofp/crtbegin.o
                0x08008d6c                        PROVIDE (__fini_array_end = .)
                0x08008d6c                        . = ALIGN (0x4)
                0x08008d6c                        _sidata = LOADADDR (.data)

.rel.dyn        0x08008d6c        0x0
 .rel.iplt      0x08008d6c        0x0 /Applications/ArmGNUToolchain/13.3.rel1/arm-none-eabi/bin/../lib/gcc/arm-none-eabi/13.3.1/thumb/v7-m/nofp/crtbegin.o

.data           0x20000000      0x6e4 load address 0x08008d6c
                0x20000000                        . = ALIGN (0x4)
                0x20000000                        _sdata = .
 *(.data)
 *(.data*)
 .data.SystemCoreClock
                0x20000000        0x4 CMakeFiles/Project.elf.dir/Core/Src/system_stm32f1xx.c.obj
                0x20000000                SystemCoreClock
 .data.uwTickFreq
                0x20000004        0x1 CMakeFiles/Project.elf.dir/Drivers/STM32F1xx_HAL_Driver/Src/stm32f1xx_hal.c.obj
                0x20000004                uwTickFreq
 *fill*         0x20000005        0x3 
 .data.uwTickPrio
                0x20000008        0x4 CMakeFiles/Project.elf.dir/Drivers/STM32F1xx_HAL_Driver/Src/stm32f1xx_hal.c.obj
                0x20000008                uwTickPrio
 .data.__sglue  0x2000000c        0xc /Applications/ArmGNUToolchain/13.3.rel1/arm-none-eabi/bin/../lib/gcc/arm-none-eabi/13.3.1/../../../../arm-none-eabi/lib/thumb/v7-m/nofp/libg.a(libc_a-findfp.o)
                0x2000000c                __sglue
 .data._impure_ptr
                0x20000018        0x4 /Applications/ArmGNUToolchain/13.3.rel1/arm-none-eabi/bin/../lib/gcc/arm-none-eabi/13.3.1/../../../../arm-none-eabi/lib/thumb/v7-m/nofp/libg.a(libc_a-impure.o)
                0x20000018                _impure_ptr
 *fill*         0x2000001c        0x4 
 .data._impure_data
                0x20000020      0x140 /Applications/ArmGNUToolchain/13.3.rel1/arm-none-eabi/bin/../lib/gcc/arm-none-eabi/13.3.1/../../../../arm-none-eabi/lib/thumb/v7-m/nofp/libg.a(libc_a-impure.o)
                0x20000020                _impure_data
 .data.__atexit_recursive_mutex
                0x20000160        0x4 /Applications/ArmGNUToolchain/13.3.rel1/arm-none-eabi/bin/../lib/gcc/arm-none-eabi/13.3.1/../../../../arm-none-eabi/lib/thumb/v7-m/nofp/libg.a(libc_a-__call_atexit.o)
                0x20000160                __atexit_recursive_mutex
 .data.__malloc_sbrk_base
                0x20000164        0x4 /Applications/ArmGNUToolchain/13.3.rel1/arm-none-eabi/bin/../lib/gcc/arm-none-eabi/13.3.1/../../../../arm-none-eabi/lib/thumb/v7-m/nofp/libg.a(libc_a-mallocr.o)
                0x20000164                __malloc_sbrk_base
 .data.__malloc_trim_threshold
                0x20000168        0x4 /Applications/ArmGNUToolchain/13.3.rel1/arm-none-eabi/bin/../lib/gcc/arm-none-eabi/13.3.1/../../../../arm-none-eabi/lib/thumb/v7-m/nofp/libg.a(libc_a-mallocr.o)
                0x20000168                __malloc_trim_threshold
 *fill*         0x2000016c        0x4 
 .data.__malloc_av_
                0x20000170      0x408 /Applications/ArmGNUToolchain/13.3.rel1/arm-none-eabi/bin/../lib/gcc/arm-none-eabi/13.3.1/../../../../arm-none-eabi/lib/thumb/v7-m/nofp/libg.a(libc_a-mallocr.o)
                0x20000170                __malloc_av_
 .data.__global_locale
                0x20000578      0x16c /Applications/ArmGNUToolchain/13.3.rel1/arm-none-eabi/bin/../lib/gcc/arm-none-eabi/13.3.1/../../../../arm-none-eabi/lib/thumb/v7-m/nofp/libg.a(libc_a-locale.o)
                0x20000578                __global_locale
 *(.RamFunc)
 *(.RamFunc*)
                0x200006e4                        . = ALIGN (0x4)
                0x200006e4                        _edata = .

.tm_clone_table
                0x200006e4        0x0 load address 0x08009450
 .tm_clone_table
                0x200006e4        0x0 /Applications/ArmGNUToolchain/13.3.rel1/arm-none-eabi/bin/../lib/gcc/arm-none-eabi/13.3.1/thumb/v7-m/nofp/crtbegin.o
 .tm_clone_table
                0x200006e4        0x0 /Applications/ArmGNUToolchain/13.3.rel1/arm-none-eabi/bin/../lib/gcc/arm-none-eabi/13.3.1/thumb/v7-m/nofp/crtend.o

.igot.plt       0x200006e4        0x0 load address 0x08009450
 .igot.plt      0x200006e4        0x0 /Applications/ArmGNUToolchain/13.3.rel1/arm-none-eabi/bin/../lib/gcc/arm-none-eabi/13.3.1/thumb/v7-m/nofp/crtbegin.o
                0x200006e4                        . = ALIGN (0x4)

.bss            0x200006e4      0x3b4 load address 0x08009450
                0x200006e4                        _sbss = .
                0x200006e4                        __bss_start__ = _sbss
 *(.bss)
 *(.bss*)
 .bss.completed.1
                0x200006e4        0x1 /Applications/ArmGNUToolchain/13.3.rel1/arm-none-eabi/bin/../lib/gcc/arm-none-eabi/13.3.1/thumb/v7-m/nofp/crtbegin.o
 *fill*         0x200006e5        0x3 
 .bss.object.0  0x200006e8       0x18 /Applications/ArmGNUToolchain/13.3.rel1/arm-none-eabi/bin/../lib/gcc/arm-none-eabi/13.3.1/thumb/v7-m/nofp/crtbegin.o
 .bss.hadc1     0x20000700       0x30 CMakeFiles/Project.elf.dir/Core/Src/adc.c.obj
                0x20000700                hadc1
 .bss.readValue
                0x20000730        0x2 CMakeFiles/Project.elf.dir/Core/Src/main.c.obj
                0x20000730                readValue
 *fill*         0x20000732        0x2 
 .bss.__sbrk_heap_end
                0x20000734        0x4 CMakeFiles/Project.elf.dir/Core/Src/sysmem.c.obj
 .bss.htim2     0x20000738       0x48 CMakeFiles/Project.elf.dir/Core/Src/tim.c.obj
                0x20000738                htim2
 .bss.uwTick    0x20000780        0x4 CMakeFiles/Project.elf.dir/Drivers/STM32F1xx_HAL_Driver/Src/stm32f1xx_hal.c.obj
                0x20000780                uwTick
 .bss.__sf      0x20000784      0x138 /Applications/ArmGNUToolchain/13.3.rel1/arm-none-eabi/bin/../lib/gcc/arm-none-eabi/13.3.1/../../../../arm-none-eabi/lib/thumb/v7-m/nofp/libg.a(libc_a-findfp.o)
                0x20000784                __sf
 .bss.__stdio_exit_handler
                0x200008bc        0x4 /Applications/ArmGNUToolchain/13.3.rel1/arm-none-eabi/bin/../lib/gcc/arm-none-eabi/13.3.1/../../../../arm-none-eabi/lib/thumb/v7-m/nofp/libg.a(libc_a-findfp.o)
                0x200008bc                __stdio_exit_handler
 .bss.__lock___malloc_recursive_mutex
                0x200008c0        0x1 /Applications/ArmGNUToolchain/13.3.rel1/arm-none-eabi/bin/../lib/gcc/arm-none-eabi/13.3.1/../../../../arm-none-eabi/lib/thumb/v7-m/nofp/libg.a(libc_a-lock.o)
                0x200008c0                __lock___malloc_recursive_mutex
 *fill*         0x200008c1        0x3 
 .bss.__lock___atexit_recursive_mutex
                0x200008c4        0x1 /Applications/ArmGNUToolchain/13.3.rel1/arm-none-eabi/bin/../lib/gcc/arm-none-eabi/13.3.1/../../../../arm-none-eabi/lib/thumb/v7-m/nofp/libg.a(libc_a-lock.o)
                0x200008c4                __lock___atexit_recursive_mutex
 *fill*         0x200008c5        0x3 
 .bss.__lock___sfp_recursive_mutex
                0x200008c8        0x1 /Applications/ArmGNUToolchain/13.3.rel1/arm-none-eabi/bin/../lib/gcc/arm-none-eabi/13.3.1/../../../../arm-none-eabi/lib/thumb/v7-m/nofp/libg.a(libc_a-lock.o)
                0x200008c8                __lock___sfp_recursive_mutex
 *fill*         0x200008c9        0x3 
 .bss.__atexit  0x200008cc        0x4 /Applications/ArmGNUToolchain/13.3.rel1/arm-none-eabi/bin/../lib/gcc/arm-none-eabi/13.3.1/../../../../arm-none-eabi/lib/thumb/v7-m/nofp/libg.a(libc_a-__call_atexit.o)
                0x200008cc                __atexit
 .bss.__malloc_current_mallinfo
                0x200008d0       0x28 /Applications/ArmGNUToolchain/13.3.rel1/arm-none-eabi/bin/../lib/gcc/arm-none-eabi/13.3.1/../../../../arm-none-eabi/lib/thumb/v7-m/nofp/libg.a(libc_a-mallocr.o)
                0x200008d0                __malloc_current_mallinfo
 .bss.__malloc_max_total_mem
                0x200008f8        0x4 /Applications/ArmGNUToolchain/13.3.rel1/arm-none-eabi/bin/../lib/gcc/arm-none-eabi/13.3.1/../../../../arm-none-eabi/lib/thumb/v7-m/nofp/libg.a(libc_a-mallocr.o)
                0x200008f8                __malloc_max_total_mem
 .bss.__malloc_max_sbrked_mem
                0x200008fc        0x4 /Applications/ArmGNUToolchain/13.3.rel1/arm-none-eabi/bin/../lib/gcc/arm-none-eabi/13.3.1/../../../../arm-none-eabi/lib/thumb/v7-m/nofp/libg.a(libc_a-mallocr.o)
                0x200008fc                __malloc_max_sbrked_mem
 .bss.__malloc_top_pad
                0x20000900        0x4 /Applications/ArmGNUToolchain/13.3.rel1/arm-none-eabi/bin/../lib/gcc/arm-none-eabi/13.3.1/../../../../arm-none-eabi/lib/thumb/v7-m/nofp/libg.a(libc_a-mallocr.o)
                0x20000900                __malloc_top_pad
 .bss.errno     0x20000904        0x4 /Applications/ArmGNUToolchain/13.3.rel1/arm-none-eabi/bin/../lib/gcc/arm-none-eabi/13.3.1/../../../../arm-none-eabi/lib/thumb/v7-m/nofp/libg.a(libc_a-reent.o)
                0x20000904                errno
 .bss.__atexit0
                0x20000908      0x190 /Applications/ArmGNUToolchain/13.3.rel1/arm-none-eabi/bin/../lib/gcc/arm-none-eabi/13.3.1/../../../../arm-none-eabi/lib/thumb/v7-m/nofp/libg.a(libc_a-__atexit.o)
                0x20000908                __atexit0
 *(COMMON)
                0x20000a98                        . = ALIGN (0x4)
                0x20000a98                        _ebss = .
                0x20000a98                        __bss_end__ = _ebss

._user_heap_stack
                0x20000a98      0x600 load address 0x08009450
                0x20000a98                        . = ALIGN (0x8)
                [!provide]                        PROVIDE (end = .)
                0x20000a98                        PROVIDE (_end = .)
                0x20000c98                        . = (. + _Min_Heap_Size)
 *fill*         0x20000a98      0x200 
                0x20001098                        . = (. + _Min_Stack_Size)
 *fill*         0x20000c98      0x400 
                0x20001098                        . = ALIGN (0x8)

/DISCARD/
 libc.a(*)
 libm.a(*)
 libgcc.a(*)

.ARM.attributes
                0x00000000       0x29
 *(.ARM.attributes)
 .ARM.attributes
                0x00000000       0x1d /Applications/ArmGNUToolchain/13.3.rel1/arm-none-eabi/bin/../lib/gcc/arm-none-eabi/13.3.1/thumb/v7-m/nofp/crti.o
 .ARM.attributes
                0x0000001d       0x2d /Applications/ArmGNUToolchain/13.3.rel1/arm-none-eabi/bin/../lib/gcc/arm-none-eabi/13.3.1/thumb/v7-m/nofp/crtbegin.o
 .ARM.attributes
                0x0000004a       0x2d CMakeFiles/Project.elf.dir/Core/Src/Delay.c.obj
 .ARM.attributes
                0x00000077       0x2d CMakeFiles/Project.elf.dir/Core/Src/adc.c.obj
 .ARM.attributes
                0x000000a4       0x2d CMakeFiles/Project.elf.dir/Core/Src/gpio.c.obj
 .ARM.attributes
                0x000000d1       0x2d CMakeFiles/Project.elf.dir/Core/Src/lcd1602.c.obj
 .ARM.attributes
                0x000000fe       0x2d CMakeFiles/Project.elf.dir/Core/Src/main.c.obj
 .ARM.attributes
                0x0000012b       0x2d CMakeFiles/Project.elf.dir/Core/Src/stm32f1xx_hal_msp.c.obj
 .ARM.attributes
                0x00000158       0x2d CMakeFiles/Project.elf.dir/Core/Src/stm32f1xx_it.c.obj
 .ARM.attributes
                0x00000185       0x2d CMakeFiles/Project.elf.dir/Core/Src/syscalls.c.obj
 .ARM.attributes
                0x000001b2       0x2d CMakeFiles/Project.elf.dir/Core/Src/sysmem.c.obj
 .ARM.attributes
                0x000001df       0x2d CMakeFiles/Project.elf.dir/Core/Src/system_stm32f1xx.c.obj
 .ARM.attributes
                0x0000020c       0x2d CMakeFiles/Project.elf.dir/Core/Src/tim.c.obj
 .ARM.attributes
                0x00000239       0x21 CMakeFiles/Project.elf.dir/Core/Startup/startup_stm32f103c8tx.s.obj
 .ARM.attributes
                0x0000025a       0x2d CMakeFiles/Project.elf.dir/Drivers/STM32F1xx_HAL_Driver/Src/stm32f1xx_hal.c.obj
 .ARM.attributes
                0x00000287       0x2d CMakeFiles/Project.elf.dir/Drivers/STM32F1xx_HAL_Driver/Src/stm32f1xx_hal_adc.c.obj
 .ARM.attributes
                0x000002b4       0x2d CMakeFiles/Project.elf.dir/Drivers/STM32F1xx_HAL_Driver/Src/stm32f1xx_hal_cortex.c.obj
 .ARM.attributes
                0x000002e1       0x2d CMakeFiles/Project.elf.dir/Drivers/STM32F1xx_HAL_Driver/Src/stm32f1xx_hal_gpio.c.obj
 .ARM.attributes
                0x0000030e       0x2d CMakeFiles/Project.elf.dir/Drivers/STM32F1xx_HAL_Driver/Src/stm32f1xx_hal_rcc.c.obj
 .ARM.attributes
                0x0000033b       0x2d CMakeFiles/Project.elf.dir/Drivers/STM32F1xx_HAL_Driver/Src/stm32f1xx_hal_rcc_ex.c.obj
 .ARM.attributes
                0x00000368       0x2d CMakeFiles/Project.elf.dir/Drivers/STM32F1xx_HAL_Driver/Src/stm32f1xx_hal_tim.c.obj
 .ARM.attributes
                0x00000395       0x2d CMakeFiles/Project.elf.dir/Drivers/STM32F1xx_HAL_Driver/Src/stm32f1xx_hal_tim_ex.c.obj
 .ARM.attributes
                0x000003c2       0x1d /Applications/ArmGNUToolchain/13.3.rel1/arm-none-eabi/bin/../lib/gcc/arm-none-eabi/13.3.1/thumb/v7-m/nofp/libgcc.a(_arm_addsubdf3.o)
 .ARM.attributes
                0x000003df       0x1d /Applications/ArmGNUToolchain/13.3.rel1/arm-none-eabi/bin/../lib/gcc/arm-none-eabi/13.3.1/thumb/v7-m/nofp/libgcc.a(_arm_muldivdf3.o)
 .ARM.attributes
                0x000003fc       0x1d /Applications/ArmGNUToolchain/13.3.rel1/arm-none-eabi/bin/../lib/gcc/arm-none-eabi/13.3.1/thumb/v7-m/nofp/libgcc.a(_arm_fixunsdfsi.o)
 .ARM.attributes
                0x00000419       0x2d /Applications/ArmGNUToolchain/13.3.rel1/arm-none-eabi/bin/../lib/gcc/arm-none-eabi/13.3.1/../../../../arm-none-eabi/lib/thumb/v7-m/nofp/libg.a(libc_a-sprintf.o)
 .ARM.attributes
                0x00000446       0x2d /Applications/ArmGNUToolchain/13.3.rel1/arm-none-eabi/bin/../lib/gcc/arm-none-eabi/13.3.1/../../../../arm-none-eabi/lib/thumb/v7-m/nofp/libg.a(libc_a-findfp.o)
 .ARM.attributes
                0x00000473       0x2d /Applications/ArmGNUToolchain/13.3.rel1/arm-none-eabi/bin/../lib/gcc/arm-none-eabi/13.3.1/../../../../arm-none-eabi/lib/thumb/v7-m/nofp/libg.a(libc_a-memset.o)
 .ARM.attributes
                0x000004a0       0x2d /Applications/ArmGNUToolchain/13.3.rel1/arm-none-eabi/bin/../lib/gcc/arm-none-eabi/13.3.1/../../../../arm-none-eabi/lib/thumb/v7-m/nofp/libg.a(libc_a-impure.o)
 .ARM.attributes
                0x000004cd       0x2d /Applications/ArmGNUToolchain/13.3.rel1/arm-none-eabi/bin/../lib/gcc/arm-none-eabi/13.3.1/../../../../arm-none-eabi/lib/thumb/v7-m/nofp/libg.a(libc_a-errno.o)
 .ARM.attributes
                0x000004fa       0x2d /Applications/ArmGNUToolchain/13.3.rel1/arm-none-eabi/bin/../lib/gcc/arm-none-eabi/13.3.1/../../../../arm-none-eabi/lib/thumb/v7-m/nofp/libg.a(libc_a-init.o)
 .ARM.attributes
                0x00000527       0x2d /Applications/ArmGNUToolchain/13.3.rel1/arm-none-eabi/bin/../lib/gcc/arm-none-eabi/13.3.1/../../../../arm-none-eabi/lib/thumb/v7-m/nofp/libg.a(libc_a-lock.o)
 .ARM.attributes
                0x00000554       0x2d /Applications/ArmGNUToolchain/13.3.rel1/arm-none-eabi/bin/../lib/gcc/arm-none-eabi/13.3.1/../../../../arm-none-eabi/lib/thumb/v7-m/nofp/libg.a(libc_a-__call_atexit.o)
 .ARM.attributes
                0x00000581       0x2d /Applications/ArmGNUToolchain/13.3.rel1/arm-none-eabi/bin/../lib/gcc/arm-none-eabi/13.3.1/../../../../arm-none-eabi/lib/thumb/v7-m/nofp/libg.a(libc_a-atexit.o)
 .ARM.attributes
                0x000005ae       0x2d /Applications/ArmGNUToolchain/13.3.rel1/arm-none-eabi/bin/../lib/gcc/arm-none-eabi/13.3.1/../../../../arm-none-eabi/lib/thumb/v7-m/nofp/libg.a(libc_a-mallocr.o)
 .ARM.attributes
                0x000005db       0x2d /Applications/ArmGNUToolchain/13.3.rel1/arm-none-eabi/bin/../lib/gcc/arm-none-eabi/13.3.1/../../../../arm-none-eabi/lib/thumb/v7-m/nofp/libg.a(libc_a-svfprintf.o)
 .ARM.attributes
                0x00000608       0x2d /Applications/ArmGNUToolchain/13.3.rel1/arm-none-eabi/bin/../lib/gcc/arm-none-eabi/13.3.1/../../../../arm-none-eabi/lib/thumb/v7-m/nofp/libg.a(libc_a-mlock.o)
 .ARM.attributes
                0x00000635       0x2d /Applications/ArmGNUToolchain/13.3.rel1/arm-none-eabi/bin/../lib/gcc/arm-none-eabi/13.3.1/../../../../arm-none-eabi/lib/thumb/v7-m/nofp/libg.a(libc_a-fwalk.o)
 .ARM.attributes
                0x00000662       0x2d /Applications/ArmGNUToolchain/13.3.rel1/arm-none-eabi/bin/../lib/gcc/arm-none-eabi/13.3.1/../../../../arm-none-eabi/lib/thumb/v7-m/nofp/libg.a(libc_a-ssprint_r.o)
 .ARM.attributes
                0x0000068f       0x2d /Applications/ArmGNUToolchain/13.3.rel1/arm-none-eabi/bin/../lib/gcc/arm-none-eabi/13.3.1/../../../../arm-none-eabi/lib/thumb/v7-m/nofp/libg.a(libc_a-fclose.o)
 .ARM.attributes
                0x000006bc       0x2d /Applications/ArmGNUToolchain/13.3.rel1/arm-none-eabi/bin/../lib/gcc/arm-none-eabi/13.3.1/../../../../arm-none-eabi/lib/thumb/v7-m/nofp/libg.a(libc_a-fflush.o)
 .ARM.attributes
                0x000006e9       0x2d /Applications/ArmGNUToolchain/13.3.rel1/arm-none-eabi/bin/../lib/gcc/arm-none-eabi/13.3.1/../../../../arm-none-eabi/lib/thumb/v7-m/nofp/libg.a(libc_a-stdio.o)
 .ARM.attributes
                0x00000716       0x2d /Applications/ArmGNUToolchain/13.3.rel1/arm-none-eabi/bin/../lib/gcc/arm-none-eabi/13.3.1/../../../../arm-none-eabi/lib/thumb/v7-m/nofp/libg.a(libc_a-strncpy.o)
 .ARM.attributes
                0x00000743       0x2d /Applications/ArmGNUToolchain/13.3.rel1/arm-none-eabi/bin/../lib/gcc/arm-none-eabi/13.3.1/../../../../arm-none-eabi/lib/thumb/v7-m/nofp/libg.a(libc_a-locale.o)
 .ARM.attributes
                0x00000770       0x2d /Applications/ArmGNUToolchain/13.3.rel1/arm-none-eabi/bin/../lib/gcc/arm-none-eabi/13.3.1/../../../../arm-none-eabi/lib/thumb/v7-m/nofp/libg.a(libc_a-localeconv.o)
 .ARM.attributes
                0x0000079d       0x2d /Applications/ArmGNUToolchain/13.3.rel1/arm-none-eabi/bin/../lib/gcc/arm-none-eabi/13.3.1/../../../../arm-none-eabi/lib/thumb/v7-m/nofp/libg.a(libc_a-closer.o)
 .ARM.attributes
                0x000007ca       0x2d /Applications/ArmGNUToolchain/13.3.rel1/arm-none-eabi/bin/../lib/gcc/arm-none-eabi/13.3.1/../../../../arm-none-eabi/lib/thumb/v7-m/nofp/libg.a(libc_a-reent.o)
 .ARM.attributes
                0x000007f7       0x2d /Applications/ArmGNUToolchain/13.3.rel1/arm-none-eabi/bin/../lib/gcc/arm-none-eabi/13.3.1/../../../../arm-none-eabi/lib/thumb/v7-m/nofp/libg.a(libc_a-lseekr.o)
 .ARM.attributes
                0x00000824       0x2d /Applications/ArmGNUToolchain/13.3.rel1/arm-none-eabi/bin/../lib/gcc/arm-none-eabi/13.3.1/../../../../arm-none-eabi/lib/thumb/v7-m/nofp/libg.a(libc_a-readr.o)
 .ARM.attributes
                0x00000851       0x2d /Applications/ArmGNUToolchain/13.3.rel1/arm-none-eabi/bin/../lib/gcc/arm-none-eabi/13.3.1/../../../../arm-none-eabi/lib/thumb/v7-m/nofp/libg.a(libc_a-sbrkr.o)
 .ARM.attributes
                0x0000087e       0x2d /Applications/ArmGNUToolchain/13.3.rel1/arm-none-eabi/bin/../lib/gcc/arm-none-eabi/13.3.1/../../../../arm-none-eabi/lib/thumb/v7-m/nofp/libg.a(libc_a-writer.o)
 .ARM.attributes
                0x000008ab       0x2d /Applications/ArmGNUToolchain/13.3.rel1/arm-none-eabi/bin/../lib/gcc/arm-none-eabi/13.3.1/../../../../arm-none-eabi/lib/thumb/v7-m/nofp/libg.a(libc_a-sysconf.o)
 .ARM.attributes
                0x000008d8       0x2d /Applications/ArmGNUToolchain/13.3.rel1/arm-none-eabi/bin/../lib/gcc/arm-none-eabi/13.3.1/../../../../arm-none-eabi/lib/thumb/v7-m/nofp/libg.a(libc_a-fini.o)
 .ARM.attributes
                0x00000905       0x2d /Applications/ArmGNUToolchain/13.3.rel1/arm-none-eabi/bin/../lib/gcc/arm-none-eabi/13.3.1/../../../../arm-none-eabi/lib/thumb/v7-m/nofp/libg.a(libc_a-memchr-stub.o)
 .ARM.attributes
                0x00000932       0x2d /Applications/ArmGNUToolchain/13.3.rel1/arm-none-eabi/bin/../lib/gcc/arm-none-eabi/13.3.1/../../../../arm-none-eabi/lib/thumb/v7-m/nofp/libg.a(libc_a-strlen-stub.o)
 .ARM.attributes
                0x0000095f       0x2d /Applications/ArmGNUToolchain/13.3.rel1/arm-none-eabi/bin/../lib/gcc/arm-none-eabi/13.3.1/../../../../arm-none-eabi/lib/thumb/v7-m/nofp/libg.a(libc_a-wcrtomb.o)
 .ARM.attributes
                0x0000098c       0x2d /Applications/ArmGNUToolchain/13.3.rel1/arm-none-eabi/bin/../lib/gcc/arm-none-eabi/13.3.1/../../../../arm-none-eabi/lib/thumb/v7-m/nofp/libg.a(libc_a-wcsrtombs.o)
 .ARM.attributes
                0x000009b9       0x2d /Applications/ArmGNUToolchain/13.3.rel1/arm-none-eabi/bin/../lib/gcc/arm-none-eabi/13.3.1/../../../../arm-none-eabi/lib/thumb/v7-m/nofp/libg.a(libc_a-ctype_.o)
 .ARM.attributes
                0x000009e6       0x2d /Applications/ArmGNUToolchain/13.3.rel1/arm-none-eabi/bin/../lib/gcc/arm-none-eabi/13.3.1/../../../../arm-none-eabi/lib/thumb/v7-m/nofp/libg.a(libc_a-__atexit.o)
 .ARM.attributes
                0x00000a13       0x2d /Applications/ArmGNUToolchain/13.3.rel1/arm-none-eabi/bin/../lib/gcc/arm-none-eabi/13.3.1/../../../../arm-none-eabi/lib/thumb/v7-m/nofp/libg.a(libm_a-s_frexp.o)
 .ARM.attributes
                0x00000a40       0x2d /Applications/ArmGNUToolchain/13.3.rel1/arm-none-eabi/bin/../lib/gcc/arm-none-eabi/13.3.1/../../../../arm-none-eabi/lib/thumb/v7-m/nofp/libg.a(libc_a-dtoa.o)
 .ARM.attributes
                0x00000a6d       0x2d /Applications/ArmGNUToolchain/13.3.rel1/arm-none-eabi/bin/../lib/gcc/arm-none-eabi/13.3.1/../../../../arm-none-eabi/lib/thumb/v7-m/nofp/libg.a(libc_a-freer.o)
 .ARM.attributes
                0x00000a9a       0x2d /Applications/ArmGNUToolchain/13.3.rel1/arm-none-eabi/bin/../lib/gcc/arm-none-eabi/13.3.1/../../../../arm-none-eabi/lib/thumb/v7-m/nofp/libg.a(libc_a-mbtowc_r.o)
 .ARM.attributes
                0x00000ac7       0x2d /Applications/ArmGNUToolchain/13.3.rel1/arm-none-eabi/bin/../lib/gcc/arm-none-eabi/13.3.1/../../../../arm-none-eabi/lib/thumb/v7-m/nofp/libg.a(libc_a-mprec.o)
 .ARM.attributes
                0x00000af4       0x2d /Applications/ArmGNUToolchain/13.3.rel1/arm-none-eabi/bin/../lib/gcc/arm-none-eabi/13.3.1/../../../../arm-none-eabi/lib/thumb/v7-m/nofp/libg.a(libc_a-ssputs_r.o)
 .ARM.attributes
                0x00000b21       0x2d /Applications/ArmGNUToolchain/13.3.rel1/arm-none-eabi/bin/../lib/gcc/arm-none-eabi/13.3.1/../../../../arm-none-eabi/lib/thumb/v7-m/nofp/libg.a(libc_a-wctomb_r.o)
 .ARM.attributes
                0x00000b4e       0x2d /Applications/ArmGNUToolchain/13.3.rel1/arm-none-eabi/bin/../lib/gcc/arm-none-eabi/13.3.1/../../../../arm-none-eabi/lib/thumb/v7-m/nofp/libg.a(libc_a-memmove.o)
 .ARM.attributes
                0x00000b7b       0x1b /Applications/ArmGNUToolchain/13.3.rel1/arm-none-eabi/bin/../lib/gcc/arm-none-eabi/13.3.1/../../../../arm-none-eabi/lib/thumb/v7-m/nofp/libg.a(libc_a-memcpy.o)
 .ARM.attributes
                0x00000b96       0x2d /Applications/ArmGNUToolchain/13.3.rel1/arm-none-eabi/bin/../lib/gcc/arm-none-eabi/13.3.1/../../../../arm-none-eabi/lib/thumb/v7-m/nofp/libg.a(libc_a-wcsnrtombs.o)
 .ARM.attributes
                0x00000bc3       0x2d /Applications/ArmGNUToolchain/13.3.rel1/arm-none-eabi/bin/../lib/gcc/arm-none-eabi/13.3.1/../../../../arm-none-eabi/lib/thumb/v7-m/nofp/libg.a(libc_a-assert.o)
 .ARM.attributes
                0x00000bf0       0x2d /Applications/ArmGNUToolchain/13.3.rel1/arm-none-eabi/bin/../lib/gcc/arm-none-eabi/13.3.1/../../../../arm-none-eabi/lib/thumb/v7-m/nofp/libg.a(libc_a-callocr.o)
 .ARM.attributes
                0x00000c1d       0x2d /Applications/ArmGNUToolchain/13.3.rel1/arm-none-eabi/bin/../lib/gcc/arm-none-eabi/13.3.1/../../../../arm-none-eabi/lib/thumb/v7-m/nofp/libg.a(libc_a-fiprintf.o)
 .ARM.attributes
                0x00000c4a       0x2d /Applications/ArmGNUToolchain/13.3.rel1/arm-none-eabi/bin/../lib/gcc/arm-none-eabi/13.3.1/../../../../arm-none-eabi/lib/thumb/v7-m/nofp/libg.a(libc_a-vfiprintf.o)
 .ARM.attributes
                0x00000c77       0x2d /Applications/ArmGNUToolchain/13.3.rel1/arm-none-eabi/bin/../lib/gcc/arm-none-eabi/13.3.1/../../../../arm-none-eabi/lib/thumb/v7-m/nofp/libg.a(libc_a-reallocr.o)
 .ARM.attributes
                0x00000ca4       0x2d /Applications/ArmGNUToolchain/13.3.rel1/arm-none-eabi/bin/../lib/gcc/arm-none-eabi/13.3.1/../../../../arm-none-eabi/lib/thumb/v7-m/nofp/libg.a(libc_a-sprint_r.o)
 .ARM.attributes
                0x00000cd1       0x2d /Applications/ArmGNUToolchain/13.3.rel1/arm-none-eabi/bin/../lib/gcc/arm-none-eabi/13.3.1/../../../../arm-none-eabi/lib/thumb/v7-m/nofp/libg.a(libc_a-wsetup.o)
 .ARM.attributes
                0x00000cfe       0x2d /Applications/ArmGNUToolchain/13.3.rel1/arm-none-eabi/bin/../lib/gcc/arm-none-eabi/13.3.1/../../../../arm-none-eabi/lib/thumb/v7-m/nofp/libg.a(libc_a-abort.o)
 .ARM.attributes
                0x00000d2b       0x2d /Applications/ArmGNUToolchain/13.3.rel1/arm-none-eabi/bin/../lib/gcc/arm-none-eabi/13.3.1/../../../../arm-none-eabi/lib/thumb/v7-m/nofp/libg.a(libc_a-fvwrite.o)
 .ARM.attributes
                0x00000d58       0x2d /Applications/ArmGNUToolchain/13.3.rel1/arm-none-eabi/bin/../lib/gcc/arm-none-eabi/13.3.1/../../../../arm-none-eabi/lib/thumb/v7-m/nofp/libg.a(libc_a-makebuf.o)
 .ARM.attributes
                0x00000d85       0x2d /Applications/ArmGNUToolchain/13.3.rel1/arm-none-eabi/bin/../lib/gcc/arm-none-eabi/13.3.1/../../../../arm-none-eabi/lib/thumb/v7-m/nofp/libg.a(libc_a-signal.o)
 .ARM.attributes
                0x00000db2       0x2d /Applications/ArmGNUToolchain/13.3.rel1/arm-none-eabi/bin/../lib/gcc/arm-none-eabi/13.3.1/../../../../arm-none-eabi/lib/thumb/v7-m/nofp/libg.a(libc_a-fstatr.o)
 .ARM.attributes
                0x00000ddf       0x2d /Applications/ArmGNUToolchain/13.3.rel1/arm-none-eabi/bin/../lib/gcc/arm-none-eabi/13.3.1/../../../../arm-none-eabi/lib/thumb/v7-m/nofp/libg.a(libc_a-isattyr.o)
 .ARM.attributes
                0x00000e0c       0x2d /Applications/ArmGNUToolchain/13.3.rel1/arm-none-eabi/bin/../lib/gcc/arm-none-eabi/13.3.1/../../../../arm-none-eabi/lib/thumb/v7-m/nofp/libg.a(libc_a-signalr.o)
 .ARM.attributes
                0x00000e39       0x1d /Applications/ArmGNUToolchain/13.3.rel1/arm-none-eabi/bin/../lib/gcc/arm-none-eabi/13.3.1/thumb/v7-m/nofp/libgcc.a(_arm_cmpdf2.o)
 .ARM.attributes
                0x00000e56       0x1d /Applications/ArmGNUToolchain/13.3.rel1/arm-none-eabi/bin/../lib/gcc/arm-none-eabi/13.3.1/thumb/v7-m/nofp/libgcc.a(_arm_unorddf2.o)
 .ARM.attributes
                0x00000e73       0x1d /Applications/ArmGNUToolchain/13.3.rel1/arm-none-eabi/bin/../lib/gcc/arm-none-eabi/13.3.1/thumb/v7-m/nofp/libgcc.a(_arm_fixdfsi.o)
 .ARM.attributes
                0x00000e90       0x2d /Applications/ArmGNUToolchain/13.3.rel1/arm-none-eabi/bin/../lib/gcc/arm-none-eabi/13.3.1/thumb/v7-m/nofp/crtend.o
 .ARM.attributes
                0x00000ebd       0x1d /Applications/ArmGNUToolchain/13.3.rel1/arm-none-eabi/bin/../lib/gcc/arm-none-eabi/13.3.1/thumb/v7-m/nofp/crtn.o
OUTPUT(Project.elf elf32-littlearm)
LOAD linker stubs
LOAD /Applications/ArmGNUToolchain/13.3.rel1/arm-none-eabi/bin/../lib/gcc/arm-none-eabi/13.3.1/../../../../arm-none-eabi/lib/thumb/v7-m/nofp/libc.a
LOAD /Applications/ArmGNUToolchain/13.3.rel1/arm-none-eabi/bin/../lib/gcc/arm-none-eabi/13.3.1/../../../../arm-none-eabi/lib/thumb/v7-m/nofp/libm.a
LOAD /Applications/ArmGNUToolchain/13.3.rel1/arm-none-eabi/bin/../lib/gcc/arm-none-eabi/13.3.1/thumb/v7-m/nofp/libgcc.a

.debug_info     0x00000000     0xca65
 .debug_info    0x00000000      0x177 CMakeFiles/Project.elf.dir/Core/Src/Delay.c.obj
 .debug_info    0x00000177      0x839 CMakeFiles/Project.elf.dir/Core/Src/adc.c.obj
 .debug_info    0x000009b0      0x328 CMakeFiles/Project.elf.dir/Core/Src/gpio.c.obj
 .debug_info    0x00000cd8      0x668 CMakeFiles/Project.elf.dir/Core/Src/lcd1602.c.obj
 .debug_info    0x00001340      0xae3 CMakeFiles/Project.elf.dir/Core/Src/main.c.obj
 .debug_info    0x00001e23      0x1f4 CMakeFiles/Project.elf.dir/Core/Src/stm32f1xx_hal_msp.c.obj
 .debug_info    0x00002017      0x6b9 CMakeFiles/Project.elf.dir/Core/Src/stm32f1xx_it.c.obj
 .debug_info    0x000026d0      0x789 CMakeFiles/Project.elf.dir/Core/Src/syscalls.c.obj
 .debug_info    0x00002e59      0x171 CMakeFiles/Project.elf.dir/Core/Src/sysmem.c.obj
 .debug_info    0x00002fca      0x22d CMakeFiles/Project.elf.dir/Core/Src/system_stm32f1xx.c.obj
 .debug_info    0x000031f7      0xa6c CMakeFiles/Project.elf.dir/Core/Src/tim.c.obj
 .debug_info    0x00003c63       0x30 CMakeFiles/Project.elf.dir/Core/Startup/startup_stm32f103c8tx.s.obj
 .debug_info    0x00003c93      0x7a2 CMakeFiles/Project.elf.dir/Drivers/STM32F1xx_HAL_Driver/Src/stm32f1xx_hal.c.obj
 .debug_info    0x00004435      0xed9 CMakeFiles/Project.elf.dir/Drivers/STM32F1xx_HAL_Driver/Src/stm32f1xx_hal_adc.c.obj
 .debug_info    0x0000530e      0xcd9 CMakeFiles/Project.elf.dir/Drivers/STM32F1xx_HAL_Driver/Src/stm32f1xx_hal_cortex.c.obj
 .debug_info    0x00005fe7      0x604 CMakeFiles/Project.elf.dir/Drivers/STM32F1xx_HAL_Driver/Src/stm32f1xx_hal_gpio.c.obj
 .debug_info    0x000065eb      0x9c7 CMakeFiles/Project.elf.dir/Drivers/STM32F1xx_HAL_Driver/Src/stm32f1xx_hal_rcc.c.obj
 .debug_info    0x00006fb2      0x420 CMakeFiles/Project.elf.dir/Drivers/STM32F1xx_HAL_Driver/Src/stm32f1xx_hal_rcc_ex.c.obj
 .debug_info    0x000073d2     0x3be7 CMakeFiles/Project.elf.dir/Drivers/STM32F1xx_HAL_Driver/Src/stm32f1xx_hal_tim.c.obj
 .debug_info    0x0000afb9     0x1aac CMakeFiles/Project.elf.dir/Drivers/STM32F1xx_HAL_Driver/Src/stm32f1xx_hal_tim_ex.c.obj

.debug_abbrev   0x00000000     0x244c
 .debug_abbrev  0x00000000       0xe6 CMakeFiles/Project.elf.dir/Core/Src/Delay.c.obj
 .debug_abbrev  0x000000e6      0x1ff CMakeFiles/Project.elf.dir/Core/Src/adc.c.obj
 .debug_abbrev  0x000002e5      0x151 CMakeFiles/Project.elf.dir/Core/Src/gpio.c.obj
 .debug_abbrev  0x00000436      0x196 CMakeFiles/Project.elf.dir/Core/Src/lcd1602.c.obj
 .debug_abbrev  0x000005cc      0x277 CMakeFiles/Project.elf.dir/Core/Src/main.c.obj
 .debug_abbrev  0x00000843       0xed CMakeFiles/Project.elf.dir/Core/Src/stm32f1xx_hal_msp.c.obj
 .debug_abbrev  0x00000930      0x19a CMakeFiles/Project.elf.dir/Core/Src/stm32f1xx_it.c.obj
 .debug_abbrev  0x00000aca      0x1c1 CMakeFiles/Project.elf.dir/Core/Src/syscalls.c.obj
 .debug_abbrev  0x00000c8b       0xea CMakeFiles/Project.elf.dir/Core/Src/sysmem.c.obj
 .debug_abbrev  0x00000d75      0x143 CMakeFiles/Project.elf.dir/Core/Src/system_stm32f1xx.c.obj
 .debug_abbrev  0x00000eb8      0x237 CMakeFiles/Project.elf.dir/Core/Src/tim.c.obj
 .debug_abbrev  0x000010ef       0x24 CMakeFiles/Project.elf.dir/Core/Startup/startup_stm32f103c8tx.s.obj
 .debug_abbrev  0x00001113      0x22d CMakeFiles/Project.elf.dir/Drivers/STM32F1xx_HAL_Driver/Src/stm32f1xx_hal.c.obj
 .debug_abbrev  0x00001340      0x252 CMakeFiles/Project.elf.dir/Drivers/STM32F1xx_HAL_Driver/Src/stm32f1xx_hal_adc.c.obj
 .debug_abbrev  0x00001592      0x36d CMakeFiles/Project.elf.dir/Drivers/STM32F1xx_HAL_Driver/Src/stm32f1xx_hal_cortex.c.obj
 .debug_abbrev  0x000018ff      0x1f7 CMakeFiles/Project.elf.dir/Drivers/STM32F1xx_HAL_Driver/Src/stm32f1xx_hal_gpio.c.obj
 .debug_abbrev  0x00001af6      0x2a0 CMakeFiles/Project.elf.dir/Drivers/STM32F1xx_HAL_Driver/Src/stm32f1xx_hal_rcc.c.obj
 .debug_abbrev  0x00001d96      0x1d8 CMakeFiles/Project.elf.dir/Drivers/STM32F1xx_HAL_Driver/Src/stm32f1xx_hal_rcc_ex.c.obj
 .debug_abbrev  0x00001f6e      0x270 CMakeFiles/Project.elf.dir/Drivers/STM32F1xx_HAL_Driver/Src/stm32f1xx_hal_tim.c.obj
 .debug_abbrev  0x000021de      0x26e CMakeFiles/Project.elf.dir/Drivers/STM32F1xx_HAL_Driver/Src/stm32f1xx_hal_tim_ex.c.obj

.debug_loclists
                0x00000000     0x6af3
 .debug_loclists
                0x00000000       0x6d CMakeFiles/Project.elf.dir/Core/Src/Delay.c.obj
 .debug_loclists
                0x0000006d       0x74 CMakeFiles/Project.elf.dir/Core/Src/adc.c.obj
 .debug_loclists
                0x000000e1      0x21b CMakeFiles/Project.elf.dir/Core/Src/lcd1602.c.obj
 .debug_loclists
                0x000002fc       0x4b CMakeFiles/Project.elf.dir/Core/Src/main.c.obj
 .debug_loclists
                0x00000347       0x17 CMakeFiles/Project.elf.dir/Core/Src/stm32f1xx_hal_msp.c.obj
 .debug_loclists
                0x0000035e      0x2cd CMakeFiles/Project.elf.dir/Core/Src/syscalls.c.obj
 .debug_loclists
                0x0000062b       0x52 CMakeFiles/Project.elf.dir/Core/Src/sysmem.c.obj
 .debug_loclists
                0x0000067d       0xb7 CMakeFiles/Project.elf.dir/Core/Src/system_stm32f1xx.c.obj
 .debug_loclists
                0x00000734       0x5d CMakeFiles/Project.elf.dir/Core/Src/tim.c.obj
 .debug_loclists
                0x00000791       0xe1 CMakeFiles/Project.elf.dir/Drivers/STM32F1xx_HAL_Driver/Src/stm32f1xx_hal.c.obj
 .debug_loclists
                0x00000872      0x7c5 CMakeFiles/Project.elf.dir/Drivers/STM32F1xx_HAL_Driver/Src/stm32f1xx_hal_adc.c.obj
 .debug_loclists
                0x00001037      0x530 CMakeFiles/Project.elf.dir/Drivers/STM32F1xx_HAL_Driver/Src/stm32f1xx_hal_cortex.c.obj
 .debug_loclists
                0x00001567      0x318 CMakeFiles/Project.elf.dir/Drivers/STM32F1xx_HAL_Driver/Src/stm32f1xx_hal_gpio.c.obj
 .debug_loclists
                0x0000187f      0x42e CMakeFiles/Project.elf.dir/Drivers/STM32F1xx_HAL_Driver/Src/stm32f1xx_hal_rcc.c.obj
 .debug_loclists
                0x00001cad      0x2eb CMakeFiles/Project.elf.dir/Drivers/STM32F1xx_HAL_Driver/Src/stm32f1xx_hal_rcc_ex.c.obj
 .debug_loclists
                0x00001f98     0x37c3 CMakeFiles/Project.elf.dir/Drivers/STM32F1xx_HAL_Driver/Src/stm32f1xx_hal_tim.c.obj
 .debug_loclists
                0x0000575b     0x1398 CMakeFiles/Project.elf.dir/Drivers/STM32F1xx_HAL_Driver/Src/stm32f1xx_hal_tim_ex.c.obj

.debug_aranges  0x00000000      0xbc0
 .debug_aranges
                0x00000000       0x30 CMakeFiles/Project.elf.dir/Core/Src/Delay.c.obj
 .debug_aranges
                0x00000030       0x30 CMakeFiles/Project.elf.dir/Core/Src/adc.c.obj
 .debug_aranges
                0x00000060       0x20 CMakeFiles/Project.elf.dir/Core/Src/gpio.c.obj
 .debug_aranges
                0x00000080       0x58 CMakeFiles/Project.elf.dir/Core/Src/lcd1602.c.obj
 .debug_aranges
                0x000000d8       0x38 CMakeFiles/Project.elf.dir/Core/Src/main.c.obj
 .debug_aranges
                0x00000110       0x20 CMakeFiles/Project.elf.dir/Core/Src/stm32f1xx_hal_msp.c.obj
 .debug_aranges
                0x00000130       0x68 CMakeFiles/Project.elf.dir/Core/Src/stm32f1xx_it.c.obj
 .debug_aranges
                0x00000198       0xa8 CMakeFiles/Project.elf.dir/Core/Src/syscalls.c.obj
 .debug_aranges
                0x00000240       0x20 CMakeFiles/Project.elf.dir/Core/Src/sysmem.c.obj
 .debug_aranges
                0x00000260       0x28 CMakeFiles/Project.elf.dir/Core/Src/system_stm32f1xx.c.obj
 .debug_aranges
                0x00000288       0x30 CMakeFiles/Project.elf.dir/Core/Src/tim.c.obj
 .debug_aranges
                0x000002b8       0x28 CMakeFiles/Project.elf.dir/Core/Startup/startup_stm32f103c8tx.s.obj
 .debug_aranges
                0x000002e0       0xe0 CMakeFiles/Project.elf.dir/Drivers/STM32F1xx_HAL_Driver/Src/stm32f1xx_hal.c.obj
 .debug_aranges
                0x000003c0       0xf0 CMakeFiles/Project.elf.dir/Drivers/STM32F1xx_HAL_Driver/Src/stm32f1xx_hal_adc.c.obj
 .debug_aranges
                0x000004b0       0xc0 CMakeFiles/Project.elf.dir/Drivers/STM32F1xx_HAL_Driver/Src/stm32f1xx_hal_cortex.c.obj
 .debug_aranges
                0x00000570       0x58 CMakeFiles/Project.elf.dir/Drivers/STM32F1xx_HAL_Driver/Src/stm32f1xx_hal_gpio.c.obj
 .debug_aranges
                0x000005c8       0x90 CMakeFiles/Project.elf.dir/Drivers/STM32F1xx_HAL_Driver/Src/stm32f1xx_hal_rcc.c.obj
 .debug_aranges
                0x00000658       0x30 CMakeFiles/Project.elf.dir/Drivers/STM32F1xx_HAL_Driver/Src/stm32f1xx_hal_rcc_ex.c.obj
 .debug_aranges
                0x00000688      0x3d0 CMakeFiles/Project.elf.dir/Drivers/STM32F1xx_HAL_Driver/Src/stm32f1xx_hal_tim.c.obj
 .debug_aranges
                0x00000a58      0x168 CMakeFiles/Project.elf.dir/Drivers/STM32F1xx_HAL_Driver/Src/stm32f1xx_hal_tim_ex.c.obj

.debug_rnglists
                0x00000000      0x8d8
 .debug_rnglists
                0x00000000       0x1f CMakeFiles/Project.elf.dir/Core/Src/Delay.c.obj
 .debug_rnglists
                0x0000001f       0x1f CMakeFiles/Project.elf.dir/Core/Src/adc.c.obj
 .debug_rnglists
                0x0000003e       0x14 CMakeFiles/Project.elf.dir/Core/Src/gpio.c.obj
 .debug_rnglists
                0x00000052       0x3d CMakeFiles/Project.elf.dir/Core/Src/lcd1602.c.obj
 .debug_rnglists
                0x0000008f       0x26 CMakeFiles/Project.elf.dir/Core/Src/main.c.obj
 .debug_rnglists
                0x000000b5       0x13 CMakeFiles/Project.elf.dir/Core/Src/stm32f1xx_hal_msp.c.obj
 .debug_rnglists
                0x000000c8       0x49 CMakeFiles/Project.elf.dir/Core/Src/stm32f1xx_it.c.obj
 .debug_rnglists
                0x00000111       0x79 CMakeFiles/Project.elf.dir/Core/Src/syscalls.c.obj
 .debug_rnglists
                0x0000018a       0x13 CMakeFiles/Project.elf.dir/Core/Src/sysmem.c.obj
 .debug_rnglists
                0x0000019d       0x1a CMakeFiles/Project.elf.dir/Core/Src/system_stm32f1xx.c.obj
 .debug_rnglists
                0x000001b7       0x1f CMakeFiles/Project.elf.dir/Core/Src/tim.c.obj
 .debug_rnglists
                0x000001d6       0x19 CMakeFiles/Project.elf.dir/Core/Startup/startup_stm32f103c8tx.s.obj
 .debug_rnglists
                0x000001ef       0xa3 CMakeFiles/Project.elf.dir/Drivers/STM32F1xx_HAL_Driver/Src/stm32f1xx_hal.c.obj
 .debug_rnglists
                0x00000292       0xb8 CMakeFiles/Project.elf.dir/Drivers/STM32F1xx_HAL_Driver/Src/stm32f1xx_hal_adc.c.obj
 .debug_rnglists